<html>
<body>
<pre>
<h1>µVision Build Log</h1>
<h2>Tool Versions:</h2>
IDE-Version: ¦ÌVision V5.36.0.0
Copyright (C) 2021 ARM Ltd and ARM Germany GmbH. All rights reserved.
License Information: 1 admin, 1, LIC=Z3C6R-KVPH2-RF1IZ-JG9UU-JTC58-4V3FU
 
Tool Versions:
Toolchain:       MDK-ARM Professional  Version: 5.36.0.0
Toolchain Path:  C:\Keil_v5\ARM\ARMCC\Bin
C Compiler:      Armcc.exe V5.06 update 7 (build 960)
Assembler:       Armasm.exe V5.06 update 7 (build 960)
Linker/Locator:  ArmLink.exe V5.06 update 7 (build 960)
Library Manager: ArmAr.exe V5.06 update 7 (build 960)
Hex Converter:   FromElf.exe V5.06 update 7 (build 960)
CPU DLL:         SARMCM3.DLL V5.36.0.0
Dialog DLL:      DCM.DLL V1.17.3.0
Target DLL:      Segger\JL2CM3.dll V2.99.40.0
Dialog DLL:      TCM.DLL V1.53.0.0
 
<h2>Project:</h2>
D:\Koen_flie\code\git_Lib\log_to_sd\project\mdk5\Uart_to_SD.uvprojx
Project File Date:  04/20/2022

<h2>Output:</h2>
*** Using Compiler 'V5.06 update 7 (build 960)', folder: 'C:\Keil_v5\ARM\ARMCC\Bin'
Build target 'Uarte_to_SD'
compiling ring_buffer.c...
compiling ff.c...
compiling key.c...
compiling led.c...
compiling rtc.c...
compiling UartE.c...
compiling boards.c...
compiling SDcardRW.c...
..\..\app\SDcardRW.c(192): warning:  #167-D: argument of type "uint8_t *" is incompatible with parameter of type "const char *restrict"
  			strncpy(cpybuff,print_buff+i,12);
..\..\app\SDcardRW.c: 1 warning, 0 errors
compiling main.c...
compiling diskio_blkdev.c...
compiling nrfx_spi.c...
compiling nrfx_prs.c...
compiling nrfx_atomic.c...
compiling nrf_drv_uart.c...
compiling nrf_drv_spi.c...
compiling nrfx_uarte.c...
compiling nrfx_uart.c...
compiling nrf_assert.c...
compiling app_error.c...
compiling app_util_platform.c...
compiling nrfx_rtc.c...
compiling nrfx_clock.c...
compiling nrfx_power_clock.c...
compiling nrf_drv_clock.c...
compiling nrfx_spim.c...
compiling nrf_strerror.c...
compiling app_error_handler_keil.c...
compiling app_error_weak.c...
compiling nrf_fprintf.c...
compiling nrf_ringbuf.c...
compiling nrf_fprintf_format.c...
compiling nrf_memobj.c...
compiling nrf_atomic.c...
compiling retarget.c...
compiling app_fifo.c...
compiling nrf_balloc.c...
compiling nrf_block_dev_sdc.c...
compiling app_uart_fifo.c...
compiling app_sdcard.c...
compiling nrf_log_backend_rtt.c...
compiling SEGGER_RTT_Syscalls_KEIL.c...
assembling arm_startup_nrf52840.s...
compiling nrf_log_backend_serial.c...
compiling nrf_log_backend_uart.c...
compiling SEGGER_RTT.c...
compiling nrf_log_default_backends.c...
compiling nrf_log_str_formatter.c...
compiling SEGGER_RTT_printf.c...
compiling nrf_log_frontend.c...
compiling system_nrf52840.c...
linking...
Program Size: Code=26520 RO-data=1464 RW-data=208 ZI-data=127968  
FromELF: creating hex file...
".\Objects\Uarte_to_SD.axf" - 0 Error(s), 1 Warning(s).

<h2>Software Packages used:</h2>

Package Vendor: ARM
                http://www.keil.com/pack/ARM.CMSIS.5.6.0.pack
                ARM.CMSIS.5.6.0
                CMSIS (Cortex Microcontroller Software Interface Standard)
   * Component: CORE Version: 5.3.0

Package Vendor: NordicSemiconductor
                http://developer.nordicsemi.com/nRF5_SDK/pieces/nRF_DeviceFamilyPack/NordicSemiconductor.nRF_DeviceFamilyPack.8.35.0.pack
                NordicSemiconductor.nRF_DeviceFamilyPack.8.35.0
                Nordic Semiconductor nRF ARM devices Device Family Pack with BSD license.
   * Component: Startup Version: 8.35.0

<h2>Collection of Component include folders:</h2>
  .\RTE\_Uarte_to_SD
  C:\Users\admin\AppData\Local\Arm\Packs\ARM\CMSIS\5.6.0\CMSIS\Core\Include
  C:\Users\admin\AppData\Local\Arm\Packs\NordicSemiconductor\nRF_DeviceFamilyPack\8.35.0\Device\Include

<h2>Collection of Component Files used:</h2>

   * Component: ARM::CMSIS:CORE:5.3.0

   * Component: NordicSemiconductor::Device:Startup:8.35.0
      Source file:   Device\Source\system_nrf52840.c
      Source file:   Device\Source\arm\arm_startup_nrf52840.s
      Include file:  Device\Include\system_nrf52840.h
      Include file:  Device\Include\system_nrf.h
Build Time Elapsed:  00:00:36
</pre>
</body>
</html>
