Component: ARM Compiler 5.06 update 7 (build 960) Tool: armlink [4d3601]

==============================================================================

Section Cross References

    main.o(i.UarteWirteToSD) refers to led.o(i.LED4_Toggle) for LED4_Toggle
    main.o(i.UarteWirteToSD) refers to sdcardrw.o(i.WirteToSD) for WirteToSD
    main.o(i.UarteWirteToSD) refers to uarte.o(.data) for cnt_t
    main.o(i.UarteWirteToSD) refers to rtc.o(.data) for timer_flag
    main.o(i.log_init) refers to nrf_log_frontend.o(i.nrf_log_init) for nrf_log_init
    main.o(i.log_init) refers to app_error.o(i.app_error_handler_bare) for app_error_handler_bare
    main.o(i.log_init) refers to nrf_log_default_backends.o(i.nrf_log_default_backends_init) for nrf_log_default_backends_init
    main.o(i.main) refers to main.o(i.log_init) for log_init
    main.o(i.main) refers to led.o(i.LED_Init) for LED_Init
    main.o(i.main) refers to key.o(i.KEY_Init) for KEY_Init
    main.o(i.main) refers to rtc.o(i.lfclk_config) for lfclk_config
    main.o(i.main) refers to rtc.o(i.rtc_config) for rtc_config
    main.o(i.main) refers to sdcardrw.o(i.fatfs_init) for fatfs_init
    main.o(i.main) refers to sdcardrw.o(i.fatfs_readconfig) for fatfs_readconfig
    main.o(i.main) refers to uarte.o(i.uartE_DMA_Init) for uartE_DMA_Init
    main.o(i.main) refers to sdcardrw.o(i.create_newfile) for create_newfile
    main.o(i.main) refers to uarte.o(i.ringbuffer_creat) for ringbuffer_creat
    main.o(i.main) refers to uarte.o(i.readbuff) for readbuff
    main.o(i.main) refers to main.o(i.UarteWirteToSD) for UarteWirteToSD
    main.o(i.main) refers to key.o(i.KEY1_Down) for KEY1_Down
    main.o(i.main) refers to sdcardrw.o(i.printf_data) for printf_data
    main.o(i.main) refers to key.o(i.KEY2_Down) for KEY2_Down
    main.o(i.main) refers to rtc.o(.data) for timer_flag
    ring_buffer.o(i.ring_buffer_creat) refers to memseta.o(.text) for __aeabi_memclr
    ring_buffer.o(i.ring_buffer_delet) refers to ring_buffer.o(i.ring_buffer_get_length) for ring_buffer_get_length
    ring_buffer.o(i.ring_buffer_delet) refers to ring_buffer.o(i.ring_buffer_enter_critical) for ring_buffer_enter_critical
    ring_buffer.o(i.ring_buffer_delet) refers to ring_buffer.o(i.ring_buffer_exit_critical) for ring_buffer_exit_critical
    ring_buffer.o(i.ring_buffer_delet) refers to ring_buffer.o(i.ring_buffer_add) for ring_buffer_add
    ring_buffer.o(i.ring_buffer_enter_critical) refers to app_util_platform.o(i.app_util_critical_region_enter) for app_util_critical_region_enter
    ring_buffer.o(i.ring_buffer_exit_critical) refers to app_util_platform.o(i.app_util_critical_region_exit) for app_util_critical_region_exit
    ring_buffer.o(i.ring_buffer_get_length) refers to ring_buffer.o(i.ring_buffer_enter_critical) for ring_buffer_enter_critical
    ring_buffer.o(i.ring_buffer_get_length) refers to ring_buffer.o(i.ring_buffer_exit_critical) for ring_buffer_exit_critical
    ring_buffer.o(i.ring_buffer_read_byte) refers to ring_buffer.o(i.ring_buffer_enter_critical) for ring_buffer_enter_critical
    ring_buffer.o(i.ring_buffer_read_byte) refers to ring_buffer.o(i.ring_buffer_self_add) for ring_buffer_self_add
    ring_buffer.o(i.ring_buffer_read_byte) refers to ring_buffer.o(i.ring_buffer_exit_critical) for ring_buffer_exit_critical
    ring_buffer.o(i.ring_buffer_read_only) refers to ring_buffer.o(i.ring_buffer_get_length) for ring_buffer_get_length
    ring_buffer.o(i.ring_buffer_read_only) refers to ring_buffer.o(i.ring_buffer_enter_critical) for ring_buffer_enter_critical
    ring_buffer.o(i.ring_buffer_read_only) refers to ring_buffer.o(i.ring_buffer_add) for ring_buffer_add
    ring_buffer.o(i.ring_buffer_read_only) refers to ring_buffer.o(i.ring_buffer_exit_critical) for ring_buffer_exit_critical
    ring_buffer.o(i.ring_buffer_read_only) refers to ring_buffer.o(i.ring_buffer_self_add) for ring_buffer_self_add
    ring_buffer.o(i.ring_buffer_reset) refers to memseta.o(.text) for __aeabi_memclr
    ring_buffer.o(i.ring_buffer_write_byte) refers to ring_buffer.o(i.ring_buffer_enter_critical) for ring_buffer_enter_critical
    ring_buffer.o(i.ring_buffer_write_byte) refers to ring_buffer.o(i.ring_buffer_self_add) for ring_buffer_self_add
    ring_buffer.o(i.ring_buffer_write_byte) refers to ring_buffer.o(i.ring_buffer_exit_critical) for ring_buffer_exit_critical
    sdcardrw.o(i.WirteToSD) refers to ff.o(i.f_open) for f_open
    sdcardrw.o(i.WirteToSD) refers to ff.o(i.f_lseek) for f_lseek
    sdcardrw.o(i.WirteToSD) refers to ff.o(i.f_write) for f_write
    sdcardrw.o(i.WirteToSD) refers to ff.o(i.f_sync) for f_sync
    sdcardrw.o(i.WirteToSD) refers to nrf_log_frontend.o(i.nrf_log_frontend_std_1) for nrf_log_frontend_std_1
    sdcardrw.o(i.WirteToSD) refers to nrf_log_frontend.o(i.nrf_log_frontend_dequeue) for nrf_log_frontend_dequeue
    sdcardrw.o(i.WirteToSD) refers to sdcardrw.o(.data) for openflag
    sdcardrw.o(i.WirteToSD) refers to sdcardrw.o(.bss) for fil
[...]
    i.nrf_spim_int_disable                   0x0000474e   Section        0  nrfx_spim.o(i.nrf_spim_int_disable)
    nrf_spim_int_disable                     0x0000474f   Thumb Code     6  nrfx_spim.o(i.nrf_spim_int_disable)
    i.nrf_spim_task_trigger                  0x00004754   Section        0  nrfx_spim.o(i.nrf_spim_task_trigger)
    nrf_spim_task_trigger                    0x00004755   Thumb Code     6  nrfx_spim.o(i.nrf_spim_task_trigger)
    i.nrf_wdt_started                        0x0000475c   Section        0  nrf_drv_clock.o(i.nrf_wdt_started)
    nrf_wdt_started                          0x0000475d   Thumb Code    14  nrf_drv_clock.o(i.nrf_wdt_started)
    i.nrfx_clock_enable                      0x00004770   Section        0  nrfx_clock.o(i.nrfx_clock_enable)
    i.nrfx_clock_init                        0x00004784   Section        0  nrfx_clock.o(i.nrfx_clock_init)
    i.nrfx_clock_lfclk_start                 0x000047a8   Section        0  nrfx_clock.o(i.nrfx_clock_lfclk_start)
    i.nrfx_get_irq_number                    0x000047c0   Section        0  nrfx_spim.o(i.nrfx_get_irq_number)
    nrfx_get_irq_number                      0x000047c1   Thumb Code     8  nrfx_spim.o(i.nrfx_get_irq_number)
    i.nrfx_get_irq_number                    0x000047c8   Section        0  nrfx_clock.o(i.nrfx_get_irq_number)
    nrfx_get_irq_number                      0x000047c9   Thumb Code     8  nrfx_clock.o(i.nrfx_get_irq_number)
    i.nrfx_is_in_ram                         0x000047d0   Section        0  nrfx_spim.o(i.nrfx_is_in_ram)
    nrfx_is_in_ram                           0x000047d1   Thumb Code    20  nrfx_spim.o(i.nrfx_is_in_ram)
    i.nrfx_power_clock_irq_init              0x000047e4   Section        0  nrfx_clock.o(i.nrfx_power_clock_irq_init)
    nrfx_power_clock_irq_init                0x000047e5   Thumb Code   168  nrfx_clock.o(i.nrfx_power_clock_irq_init)
    i.nrfx_prs_acquire                       0x00004894   Section        0  nrfx_prs.o(i.nrfx_prs_acquire)
    i.nrfx_prs_release                       0x000048dc   Section        0  nrfx_prs.o(i.nrfx_prs_release)
    i.nrfx_rtc_enable                        0x000048f4   Section        0  nrfx_rtc.o(i.nrfx_rtc_enable)
    i.nrfx_rtc_init                          0x00004914   Section        0  nrfx_rtc.o(i.nrfx_rtc_init)
    i.nrfx_rtc_overflow_enable               0x000049e4   Section        0  nrfx_rtc.o(i.nrfx_rtc_overflow_enable)
    i.nrfx_spim_init                         0x00004a10   Section        0  nrfx_spim.o(i.nrfx_spim_init)
    i.nrfx_spim_uninit                       0x00004bdc   Section        0  nrfx_spim.o(i.nrfx_spim_uninit)
    i.nrfx_spim_xfer                         0x00004cac   Section        0  nrfx_spim.o(i.nrfx_spim_xfer)
    i.postfix_process                        0x00004d18   Section        0  nrf_log_str_formatter.o(i.postfix_process)
    postfix_process                          0x00004d19   Thumb Code    58  nrf_log_str_formatter.o(i.postfix_process)
    i.prefix_process                         0x00004d60   Section        0  nrf_log_str_formatter.o(i.prefix_process)
    prefix_process                           0x00004d61   Thumb Code    98  nrf_log_str_formatter.o(i.prefix_process)
    i.printf_data                            0x00004e04   Section        0  sdcardrw.o(i.printf_data)
    i.prs_box_get                            0x00004eac   Section        0  nrfx_prs.o(i.prs_box_get)
    prs_box_get                              0x00004ead   Thumb Code    16  nrfx_prs.o(i.prs_box_get)
    i.put_fat                                0x00004ec4   Section        0  ff.o(i.put_fat)
    put_fat                                  0x00004ec5   Thumb Code   312  ff.o(i.put_fat)
    i.readbuff                               0x00004ffc   Section        0  uarte.o(i.readbuff)
    i.remove_chain                           0x00005048   Section        0  ff.o(i.remove_chain)
    remove_chain                             0x00005049   Thumb Code   154  ff.o(i.remove_chain)
    i.ring_buffer_creat                      0x000050e2   Section        0  ring_buffer.o(i.ring_buffer_creat)
    i.ring_buffer_enter_critical             0x00005108   Section        0  ring_buffer.o(i.ring_buffer_enter_critical)
    ring_buffer_enter_critical               0x00005109   Thumb Code    10  ring_buffer.o(i.ring_buffer_enter_critical)
    i.ring_buffer_exit_critical              0x00005112   Section        0  ring_buffer.o(i.ring_buffer_exit_critical)
    ring_buffer_exit_critical                0x00005113   Thumb Code    10  ring_buffer.o(i.ring_buffer_exit_critical)
    i.ring_buffer_get_length                 0x0000511c   Section        0  ring_buffer.o(i.ring_buffer_get_length)
    i.ring_buffer_read_byte                  0x00005144   Section        0  ring_buffer.o(i.ring_buffer_read_byte)
    i.ring_buffer_self_add                   0x00005178   Section        0  ring_buffer.o(i.ring_buffer_self_add)
    ring_buffer_self_add                     0x00005179   Thumb Code    16  ring_buffer.o(i.ring_buffer_self_add)
    i.ring_buffer_write_byte                 0x00005188   Section        0  ring_buffer.o(i.ring_buffer_write_byte)
    i.ringbuffer_creat                       0x000051b4   Section        0  uarte.o(i.ringbuffer_creat)
    i.rtc_config                             0x000051cc   Section        0  rtc.o(i.rtc_config)
    i.rtc_handler                            0x00005234   Section        0  rtc.o(i.rtc_handler)
    rtc_handler                              0x00005235   Thumb Code    26  rtc.o(i.rtc_handler)
    i.sdc_calculate_size                     0x00005258   Section        0  app_sdcard.o(i.sdc_calculate_size)
    sdc_calculate_size                       0x00005259   Thumb Code   104  app_sdcard.o(i.sdc_calculate_size)
    i.sdc_cmd                                0x000052c0   Section        0  app_sdcard.o(i.sdc_cmd)
    sdc_cmd                                  0x000052c1   Thumb Code   244  app_sdcard.o(i.sdc_cmd)
    i.sdc_handler                            0x000053b8   Section        0  nrf_block_dev_sdc.o(i.sdc_handler)
    sdc_handler                              0x000053b9   Thumb Code   274  nrf_block_dev_sdc.o(i.sdc_handler)
    i.sdc_pt_identification                  0x000054d8   Section        0  app_sdcard.o(i.sdc_pt_identification)
    sdc_pt_identification                    0x000054d9   Thumb Code  1256  app_sdcard.o(i.sdc_pt_identification)
    i.sdc_pt_read                            0x000059c4   Section        0  app_sdcard.o(i.sdc_pt_read)
    sdc_pt_read                              0x000059c5   Thumb Code   256  app_sdcard.o(i.sdc_pt_read)
    i.sdc_pt_sub_data_read                   0x00005ac8   Section        0  app_sdcard.o(i.sdc_pt_sub_data_read)
    sdc_pt_sub_data_read                     0x00005ac9   Thumb Code   546  app_sdcard.o(i.sdc_pt_sub_data_read)
    i.sdc_pt_write                           0x00005cf0   Section        0  app_sdcard.o(i.sdc_pt_write)
    sdc_pt_write                             0x00005cf1   Thumb Code   868  app_sdcard.o(i.sdc_pt_write)
    i.sdc_spi_transfer                       0x00006058   Section        0  app_sdcard.o(i.sdc_spi_transfer)
    sdc_spi_transfer                         0x00006059   Thumb Code    92  app_sdcard.o(i.sdc_spi_transfer)
    i.sdc_wait                               0x000060bc   Section        0  nrf_block_dev_sdc.o(i.sdc_wait)
    sdc_wait                                 0x000060bd   Thumb Code    18  nrf_block_dev_sdc.o(i.sdc_wait)
    i.serial_tx                              0x000060d0   Section        0  nrf_log_backend_rtt.o(i.serial_tx)
    serial_tx                                0x000060d1   Thumb Code   124  nrf_log_backend_rtt.o(i.serial_tx)
    i.spi_handler                            0x00006154   Section        0  app_sdcard.o(i.spi_handler)
    spi_handler                              0x00006155   Thumb Code   614  app_sdcard.o(i.spi_handler)
    i.spim_evt_handler                       0x000063c4   Section        0  nrf_drv_spi.o(i.spim_evt_handler)
    spim_evt_handler                         0x000063c5   Thumb Code    56  nrf_drv_spi.o(i.spim_evt_handler)
    i.spim_xfer                              0x00006404   Section        0  nrfx_spim.o(i.spim_xfer)
    spim_xfer                                0x00006405   Thumb Code   272  nrfx_spim.o(i.spim_xfer)
    i.st_clust                               0x00006514   Section        0  ff.o(i.st_clust)
    st_clust                                 0x00006515   Thumb Code    36  ff.o(i.st_clust)
    i.st_dword                               0x00006538   Section        0  ff.o(i.st_dword)
    st_dword                                 0x00006539   Thumb Code    24  ff.o(i.st_dword)
    i.st_word                                0x00006550   Section        0  ff.o(i.st_word)
    st_word                                  0x00006551   Thumb Code    12  ff.o(i.st_word)
    i.std_header_set                         0x0000655c   Section        0  nrf_log_frontend.o(i.std_header_set)
    std_header_set                           0x0000655d   Thumb Code    96  nrf_log_frontend.o(i.std_header_set)
    i.std_n                                  0x000065c0   Section        0  nrf_log_frontend.o(i.std_n)
    std_n                                    0x000065c1   Thumb Code   104  nrf_log_frontend.o(i.std_n)
    i.string_print                           0x00006630   Section        0  nrf_fprintf_format.o(i.string_print)
    string_print                             0x00006631   Thumb Code   116  nrf_fprintf_format.o(i.string_print)
    i.sync_fs                                0x000066a4   Section        0  ff.o(i.sync_fs)
    sync_fs                                  0x000066a5   Thumb Code   134  ff.o(i.sync_fs)
    i.sync_window                            0x00006734   Section        0  ff.o(i.sync_window)
    sync_window                              0x00006735   Thumb Code    82  ff.o(i.sync_window)
    i.timestamp_print                        0x00006786   Section        0  nrf_log_str_formatter.o(i.timestamp_print)
    timestamp_print                          0x00006787   Thumb Code     2  nrf_log_str_formatter.o(i.timestamp_print)
    i.uartE_DMA_Init                         0x00006788   Section        0  uarte.o(i.uartE_DMA_Init)
    i.unsigned_print                         0x000068a0   Section        0  nrf_fprintf_format.o(i.unsigned_print)
    unsigned_print                           0x000068a1   Thumb Code   178  nrf_fprintf_format.o(i.unsigned_print)
    i.validate                               0x00006958   Section        0  ff.o(i.validate)
    validate                                 0x00006959   Thumb Code    60  ff.o(i.validate)
    i.wait_func                              0x00006994   Section        0  nrf_block_dev_sdc.o(i.wait_func)
    wait_func                                0x00006995   Thumb Code     2  nrf_block_dev_sdc.o(i.wait_func)
    .constdata                               0x00006998   Section       28  sdcardrw.o(.constdata)
    m_block_dev_sdc                          0x00006998   Data          28  sdcardrw.o(.constdata)
    .constdata                               0x000069b4   Section       14  rtc.o(.constdata)
    .constdata                               0x000069d0   Section        6  led.o(.constdata)
    delay_machine_code                       0x000069d0   Data           6  led.o(.constdata)
    .constdata                               0x000069e0   Section        6  key.o(.constdata)
    delay_machine_code                       0x000069e0   Data           6  key.o(.constdata)
    .constdata                               0x000069e6   Section      156  ff.o(.constdata)
    ExCvt                                    0x000069e6   Data         128  ff.o(.constdata)
    cst                                      0x00006a66   Data          14  ff.o(.constdata)
    cst32                                    0x00006a74   Data          14  ff.o(.constdata)
    .constdata                               0x00006a84   Section       16  nrf_drv_spi.o(.constdata)
    .constdata                               0x00006a94   Section       45  nrfx_spim.o(.constdata)
    __func__                                 0x00006a94   Data          15  nrfx_spim.o(.constdata)
    irq_handlers                             0x00006aa4   Data           4  nrfx_spim.o(.constdata)
    __func__                                 0x00006aa8   Data          10  nrfx_spim.o(.constdata)
    __func__                                 0x00006ab2   Data          15  nrfx_spim.o(.constdata)
    .constdata                               0x00006ac1   Section       16  nrf_fprintf_format.o(.constdata)
    _aV2C                                    0x00006ac1   Data          16  nrf_fprintf_format.o(.constdata)
    .constdata                               0x00006ad4   Section       32  app_sdcard.o(.constdata)
    m_spi                                    0x00006ad4   Data          16  app_sdcard.o(.constdata)
    .constdata                               0x00006af4   Section       96  nrf_block_dev_sdc.o(.constdata)
    .constdata                               0x00006b60   Section       22  nrf_log_backend_rtt.o(.constdata)
    delay_machine_code                       0x00006b70   Data           6  nrf_log_backend_rtt.o(.constdata)
    .constdata                               0x00006b78   Section       12  nrf_log_frontend.o(.constdata)
    m_log_push_ringbuf                       0x00006b78   Data          12  nrf_log_frontend.o(.constdata)
    .constdata                               0x00006b84   Section      129  ctype_o.o(.constdata)
    .constdata                               0x00006c08   Section        4  ctype_o.o(.constdata)
    table                                    0x00006c08   Data           4  ctype_o.o(.constdata)
    .conststring                             0x00006c0c   Section       19  sdcardrw.o(.conststring)
    .conststring                             0x00006c20   Section      102  nrf_log_str_formatter.o(.conststring)
    .conststrlit                             0x00006c88   Section        4  nrfx_prs.o(.conststrlit)
    .conststrlit                             0x00006c8c   Section        5  nrfx_uart.o(.conststrlit)
    .conststrlit                             0x00006c94   Section        6  nrfx_uarte.o(.conststrlit)
    .conststrlit                             0x00006c9c   Section        5  nrfx_spim.o(.conststrlit)
    .conststrlit                             0x00006ca4   Section        6  nrf_drv_clock.o(.conststrlit)
    .conststrlit                             0x00006cac   Section        6  nrfx_clock.o(.conststrlit)
    .conststrlit                             0x00006cb4   Section        4  nrfx_rtc.o(.conststrlit)
    .conststrlit                             0x00006cb8   Section       16  nrf_log_default_backends.o(.conststrlit)
    .conststrlit                             0x00006cc8   Section        4  nrf_log_frontend.o(.conststrlit)
    log_backends                             0x00006cec   Section       16  nrf_log_default_backends.o(log_backends)
    __tagsym$$used                           0x00006cec   Number         0  nrf_log_default_backends.o(log_backends)
    rtt_log_backend                          0x00006cec   Data          16  nrf_log_default_backends.o(log_backends)
    log_const_data                           0x00006cfc   Section        8  nrfx_prs.o(log_const_data)
    __tagsym$$used                           0x00006cfc   Number         0  nrfx_prs.o(log_const_data)
    log_const_data                           0x00006d04   Section        8  nrfx_uart.o(log_const_data)
    __tagsym$$used                           0x00006d04   Number         0  nrfx_uart.o(log_const_data)
    log_const_data                           0x00006d0c   Section        8  nrfx_uarte.o(log_const_data)
    __tagsym$$used                           0x00006d0c   Number         0  nrfx_uarte.o(log_const_data)
    log_const_data                           0x00006d14   Section        8  nrfx_spim.o(log_const_data)
    __tagsym$$used                           0x00006d14   Number         0  nrfx_spim.o(log_const_data)
    log_const_data                           0x00006d1c   Section        8  nrf_drv_clock.o(log_const_data)
    __tagsym$$used                           0x00006d1c   Number         0  nrf_drv_clock.o(log_const_data)
    log_const_data                           0x00006d24   Section        8  nrfx_clock.o(log_const_data)
    __tagsym$$used                           0x00006d24   Number         0  nrfx_clock.o(log_const_data)
    log_const_data                           0x00006d2c   Section        8  nrfx_rtc.o(log_const_data)
    __tagsym$$used                           0x00006d2c   Number         0  nrfx_rtc.o(log_const_data)
    log_const_data                           0x00006d34   Section        8  nrf_log_frontend.o(log_const_data)
    __tagsym$$used                           0x00006d34   Number         0  nrf_log_frontend.o(log_const_data)
    nrf_balloc                               0x00006d3c   Section       20  nrf_log_frontend.o(nrf_balloc)
    __tagsym$$used                           0x00006d3c   Number         0  nrf_log_frontend.o(nrf_balloc)
    .data                                    0x20000000   Section       32  sdcardrw.o(.data)
    drives                                   0x20000014   Data          12  sdcardrw.o(.data)
    .data                                    0x20000020   Section        4  rtc.o(.data)
    .data                                    0x20000028   Section       16  uarte.o(.data)
    cnt                                      0x20000030   Data           8  uarte.o(.data)
    .data                                    0x20000038   Section        6  ff.o(.data)
    FatFs                                    0x20000038   Data           4  ff.o(.data)
    Fsid                                     0x2000003c   Data           2  ff.o(.data)
    .data                                    0x20000040   Section        5  diskio_blkdev.o(.data)
    m_drives                                 0x20000040   Data           4  diskio_blkdev.o(.data)
    m_drives_count                           0x20000044   Data           1  diskio_blkdev.o(.data)
    .data                                    0x20000048   Section        8  nrfx_prs.o(.data)
    m_prs_box_4                              0x20000048   Data           8  nrfx_prs.o(.data)
    .data                                    0x20000050   Section        8  nrfx_clock.o(.data)
    m_clock_cb                               0x20000050   Data           8  nrfx_clock.o(.data)
    .data                                    0x20000058   Section        7  nrfx_rtc.o(.data)
    m_handlers                               0x20000058   Data           4  nrfx_rtc.o(.data)
    m_cb                                     0x2000005c   Data           3  nrfx_rtc.o(.data)
    .data                                    0x20000060   Section        4  app_util_platform.o(.data)
    m_in_critical_region                     0x20000060   Data           4  app_util_platform.o(.data)
    .data                                    0x20000064   Section        8  nrf_block_dev_sdc.o(.data)
    m_last_result                            0x20000064   Data           1  nrf_block_dev_sdc.o(.data)
    m_active_sdc_dev                         0x20000068   Data           4  nrf_block_dev_sdc.o(.data)
    .data                                    0x2000006c   Section        1  nrf_log_backend_rtt.o(.data)
    m_host_present                           0x2000006c   Data           1  nrf_log_backend_rtt.o(.data)
    .data                                    0x20000070   Section        8  nrf_log_default_backends.o(.data)
    log_backend_cb_rtt_log_backend           0x20000070   Data           8  nrf_log_default_backends.o(.data)
    .data                                    0x20000078   Section       20  nrf_log_frontend.o(.data)
    log_mempool_nrf_balloc_pool_stack        0x20000078   Data           8  nrf_log_frontend.o(.data)
    log_mempool_nrf_balloc_cb                0x20000080   Data           8  nrf_log_frontend.o(.data)
    m_buffer_mask                            0x20000088   Data           4  nrf_log_frontend.o(.data)
    .data                                    0x2000008c   Section       64  nrf_log_str_formatter.o(.data)
    severity_names                           0x2000008c   Data          20  nrf_log_str_formatter.o(.data)
    m_colors                                 0x200000a0   Data          36  nrf_log_str_formatter.o(.data)
    m_freq                                   0x200000c4   Data           4  nrf_log_str_formatter.o(.data)
    m_timestamp_div                          0x200000c8   Data           4  nrf_log_str_formatter.o(.data)
    .data                                    0x200000cc   Section        4  system_nrf52840.o(.data)
    __tagsym$$used                           0x200000cc   Number         0  system_nrf52840.o(.data)
    .bss                                     0x200000d0   Section     2270  sdcardrw.o(.bss)
    m_block_dev_sdc_work                     0x20000570   Data          28  sdcardrw.o(.bss)
    str                                      0x2000058c   Data          21  sdcardrw.o(.bss)
    readtxtBuf                               0x200005a1   Data        1024  sdcardrw.o(.bss)
    Wirte_file                               0x200009a1   Data          13  sdcardrw.o(.bss)
    .bss                                     0x200009b0   Section    107020  uarte.o(.bss)
    .bss                                     0x2001abbc   Section       32  nrf_drv_spi.o(.bss)
    m_handlers                               0x2001abbc   Data          16  nrf_drv_spi.o(.bss)
    m_contexts                               0x2001abcc   Data          16  nrf_drv_spi.o(.bss)
    .bss                                     0x2001abdc   Section       36  nrfx_spim.o(.bss)
    m_cb                                     0x2001abdc   Data          36  nrfx_spim.o(.bss)
    .bss                                     0x2001ac00   Section       20  nrf_drv_clock.o(.bss)
    m_clock_cb                               0x2001ac00   Data          20  nrf_drv_clock.o(.bss)
    .bss                                     0x2001ac14   Section       92  app_sdcard.o(.bss)
    m_cb                                     0x2001ac14   Data          92  app_sdcard.o(.bss)
    .bss                                     0x2001ac70   Section       64  nrf_log_backend_rtt.o(.bss)
    m_string_buff                            0x2001ac70   Data          64  nrf_log_backend_rtt.o(.bss)
    .bss                                     0x2001acb0   Section     1400  nrf_log_frontend.o(.bss)
    log_mempool_nrf_balloc_pool_mem          0x2001acb0   Data         192  nrf_log_frontend.o(.bss)
    m_log_push_ringbuf_buf                   0x2001ad70   Data         128  nrf_log_frontend.o(.bss)
    m_log_push_ringbuf_cb                    0x2001adf0   Data          24  nrf_log_frontend.o(.bss)
    m_log_data                               0x2001ae08   Data        1056  nrf_log_frontend.o(.bss)
    .bss                                     0x2001b228   Section      648  segger_rtt.o(.bss)
    _acUpBuffer                              0x2001b2a0   Data         512  segger_rtt.o(.bss)
    _acDownBuffer                            0x2001b4a0   Data          16  segger_rtt.o(.bss)
    STACK                                    0x2001b4b0   Section    16384  arm_startup_nrf52840.o(STACK)

    Global Symbols

    Symbol Name                              Value     Ov Type        Size  Object(Section)

    BuildAttributes$$THM_ISAv4$E$P$D$K$B$S$7EM$VFPi3$EXTD16$VFPS$VFMA$PE$A:L22UL41UL21$X:L11$S22US41US21$IEEE1$IW$USESV6$~STKCKD$USESV7$~SHL$OSPACE$EBA8$MICROLIB$REQ8$EABIv2 0x00000000   Number         0  anon$$obj.o ABSOLUTE
    __ARM_use_no_argv                        0x00000000   Number         0  main.o ABSOLUTE
    __Vectors                                0x00000000   Data           4  arm_startup_nrf52840.o(RESET)
    __arm_fini_                               - Undefined Weak Reference
    __cpp_initialize__aeabi_                  - Undefined Weak Reference
    __cxa_finalize                            - Undefined Weak Reference
    __decompress                              - Undefined Weak Reference
    _clock_init                               - Undefined Weak Reference
    _microlib_exit                            - Undefined Weak Reference
    log_dynamic_data$$Base                    - Undefined Reference
    __Vectors_End                            0x00000200   Data           0  arm_startup_nrf52840.o(RESET)
    __Vectors_Size                           0x00000200   Number         0  arm_startup_nrf52840.o ABSOLUTE
    __main                                   0x00000201   Thumb Code     0  entry.o(.ARM.Collect$$$$00000000)
    _main_stk                                0x00000201   Thumb Code     0  entry2.o(.ARM.Collect$$$$00000001)
    _main_scatterload                        0x00000205   Thumb Code     0  entry5.o(.ARM.Collect$$$$00000004)
    __main_after_scatterload                 0x00000209   Thumb Code     0  entry5.o(.ARM.Collect$$$$00000004)
    _main_clock                              0x00000209   Thumb Code     0  entry7b.o(.ARM.Collect$$$$00000008)
    _main_cpp_init                           0x00000209   Thumb Code     0  entry8b.o(.ARM.Collect$$$$0000000A)
    _main_init                               0x00000209   Thumb Code     0  entry9a.o(.ARM.Collect$$$$0000000B)
    __rt_lib_shutdown_fini                   0x00000211   Thumb Code     0  entry12b.o(.ARM.Collect$$$$0000000E)
    __rt_final_cpp                           0x00000215   Thumb Code     0  entry10a.o(.ARM.Collect$$$$0000000F)
    __rt_final_exit                          0x00000215   Thumb Code     0  entry11a.o(.ARM.Collect$$$$00000011)
    __asm___12_nrf_atomic_c_85ca2469__nrf_atomic_internal_mov 0x00000219   Thumb Code    24  nrf_atomic.o(.emb_text)
    __asm___12_nrf_atomic_c_85ca2469__nrf_atomic_internal_orr 0x00000231   Thumb Code    26  nrf_atomic.o(.emb_text)
    __asm___12_nrf_atomic_c_85ca2469__nrf_atomic_internal_and 0x0000024b   Thumb Code    26  nrf_atomic.o(.emb_text)
    __asm___12_nrf_atomic_c_85ca2469__nrf_atomic_internal_eor 0x00000265   Thumb Code    26  nrf_atomic.o(.emb_text)
    __asm___12_nrf_atomic_c_85ca2469__nrf_atomic_internal_add 0x0000027f   Thumb Code    26  nrf_atomic.o(.emb_text)
    __asm___12_nrf_atomic_c_85ca2469__nrf_atomic_internal_sub 0x00000299   Thumb Code    26  nrf_atomic.o(.emb_text)
    __asm___12_nrf_atomic_c_85ca2469__nrf_atomic_internal_cmp_exch 0x000002b3   Thumb Code    42  nrf_atomic.o(.emb_text)
    __asm___12_nrf_atomic_c_85ca2469__nrf_atomic_internal_sub_hs 0x000002dd   Thumb Code    30  nrf_atomic.o(.emb_text)
    Reset_Handler                            0x000002fd   Thumb Code     8  arm_startup_nrf52840.o(.text)
    NMI_Handler                              0x00000305   Thumb Code     2  arm_startup_nrf52840.o(.text)
    HardFault_Handler                        0x00000307   Thumb Code     2  arm_startup_nrf52840.o(.text)
    MemoryManagement_Handler                 0x00000309   Thumb Code     2  arm_startup_nrf52840.o(.text)
    BusFault_Handler                         0x0000030b   Thumb Code     2  arm_startup_nrf52840.o(.text)
    UsageFault_Handler                       0x0000030d   Thumb Code     2  arm_startup_nrf52840.o(.text)
    SVC_Handler                              0x0000030f   Thumb Code     2  arm_startup_nrf52840.o(.text)
    DebugMon_Handler                         0x00000311   Thumb Code     2  arm_startup_nrf52840.o(.text)
    PendSV_Handler                           0x00000313   Thumb Code     2  arm_startup_nrf52840.o(.text)
    SysTick_Handler                          0x00000315   Thumb Code     2  arm_startup_nrf52840.o(.text)
    CCM_AAR_IRQHandler                       0x00000317   Thumb Code     0  arm_startup_nrf52840.o(.text)
    COMP_LPCOMP_IRQHandler                   0x00000317   Thumb Code     0  arm_startup_nrf52840.o(.text)
    CRYPTOCELL_IRQHandler                    0x00000317   Thumb Code     0  arm_startup_nrf52840.o(.text)
    ECB_IRQHandler                           0x00000317   Thumb Code     0  arm_startup_nrf52840.o(.text)
    FPU_IRQHandler                           0x00000317   Thumb Code     0  arm_startup_nrf52840.o(.text)
    GPIOTE_IRQHandler                        0x00000317   Thumb Code     0  arm_startup_nrf52840.o(.text)
    I2S_IRQHandler                           0x00000317   Thumb Code     0  arm_startup_nrf52840.o(.text)
    MWU_IRQHandler                           0x00000317   Thumb Code     0  arm_startup_nrf52840.o(.text)
    NFCT_IRQHandler                          0x00000317   Thumb Code     0  arm_startup_nrf52840.o(.text)
    PDM_IRQHandler                           0x00000317   Thumb Code     0  arm_startup_nrf52840.o(.text)
    PWM0_IRQHandler                          0x00000317   Thumb Code     0  arm_startup_nrf52840.o(.text)
    PWM1_IRQHandler                          0x00000317   Thumb Code     0  arm_startup_nrf52840.o(.text)
    PWM2_IRQHandler                          0x00000317   Thumb Code     0  arm_startup_nrf52840.o(.text)
    PWM3_IRQHandler                          0x00000317   Thumb Code     0  arm_startup_nrf52840.o(.text)
    QDEC_IRQHandler                          0x00000317   Thumb Code     0  arm_startup_nrf52840.o(.text)
    QSPI_IRQHandler                          0x00000317   Thumb Code     0  arm_startup_nrf52840.o(.text)
    RADIO_IRQHandler                         0x00000317   Thumb Code     0  arm_startup_nrf52840.o(.text)
    RNG_IRQHandler                           0x00000317   Thumb Code     0  arm_startup_nrf52840.o(.text)
    RTC1_IRQHandler                          0x00000317   Thumb Code     0  arm_startup_nrf52840.o(.text)
    RTC2_IRQHandler                          0x00000317   Thumb Code     0  arm_startup_nrf52840.o(.text)
    SAADC_IRQHandler                         0x00000317   Thumb Code     0  arm_startup_nrf52840.o(.text)
    SPIM1_SPIS1_TWIM1_TWIS1_SPI1_TWI1_IRQHandler 0x00000317   Thumb Code     0  arm_startup_nrf52840.o(.text)
    SPIM2_SPIS2_SPI2_IRQHandler              0x00000317   Thumb Code     0  arm_startup_nrf52840.o(.text)
    SPIM3_IRQHandler                         0x00000317   Thumb Code     0  arm_startup_nrf52840.o(.text)
    SWI0_EGU0_IRQHandler                     0x00000317   Thumb Code     0  arm_startup_nrf52840.o(.text)
    SWI1_EGU1_IRQHandler                     0x00000317   Thumb Code     0  arm_startup_nrf52840.o(.text)
    SWI2_EGU2_IRQHandler                     0x00000317   Thumb Code     0  arm_startup_nrf52840.o(.text)
    SWI3_EGU3_IRQHandler                     0x00000317   Thumb Code     0  arm_startup_nrf52840.o(.text)
    SWI4_EGU4_IRQHandler                     0x00000317   Thumb Code     0  arm_startup_nrf52840.o(.text)
    SWI5_EGU5_IRQHandler                     0x00000317   Thumb Code     0  arm_startup_nrf52840.o(.text)
    TEMP_IRQHandler                          0x00000317   Thumb Code     0  arm_startup_nrf52840.o(.text)
    TIMER0_IRQHandler                        0x00000317   Thumb Code     0  arm_startup_nrf52840.o(.text)
    TIMER1_IRQHandler                        0x00000317   Thumb Code     0  arm_startup_nrf52840.o(.text)
    TIMER2_IRQHandler                        0x00000317   Thumb Code     0  arm_startup_nrf52840.o(.text)
    TIMER3_IRQHandler                        0x00000317   Thumb Code     0  arm_startup_nrf52840.o(.text)
    TIMER4_IRQHandler                        0x00000317   Thumb Code     0  arm_startup_nrf52840.o(.text)
    UARTE1_IRQHandler                        0x00000317   Thumb Code     0  arm_startup_nrf52840.o(.text)
    USBD_IRQHandler                          0x00000317   Thumb Code     0  arm_startup_nrf52840.o(.text)
    WDT_IRQHandler                           0x00000317   Thumb Code     0  arm_startup_nrf52840.o(.text)
    __aeabi_uldivmod                         0x00000321   Thumb Code    98  uldiv.o(.text)
    __rt_ctype_table                         0x00000385   Thumb Code     4  ctype_o.o(.text)
    __aeabi_memcpy                           0x0000038d   Thumb Code    36  memcpya.o(.text)
    __aeabi_memcpy4                          0x0000038d   Thumb Code     0  memcpya.o(.text)
    __aeabi_memcpy8                          0x0000038d   Thumb Code     0  memcpya.o(.text)
    __aeabi_memset                           0x000003b1   Thumb Code    14  memseta.o(.text)
    __aeabi_memset4                          0x000003b1   Thumb Code     0  memseta.o(.text)
    __aeabi_memset8                          0x000003b1   Thumb Code     0  memseta.o(.text)
    __aeabi_memclr                           0x000003bf   Thumb Code     4  memseta.o(.text)
    __aeabi_memclr4                          0x000003bf   Thumb Code     0  memseta.o(.text)
    __aeabi_memclr8                          0x000003bf   Thumb Code     0  memseta.o(.text)
    _memset$wrapper                          0x000003c3   Thumb Code    18  memseta.o(.text)
    strcat                                   0x000003d5   Thumb Code    24  strcat.o(.text)
    strlen                                   0x000003ed   Thumb Code    14  strlen.o(.text)
    strcpy                                   0x000003fb   Thumb Code    18  strcpy.o(.text)
    __aeabi_llsl                             0x0000040d   Thumb Code    30  llshl.o(.text)
    _ll_shift_l                              0x0000040d   Thumb Code     0  llshl.o(.text)
    __aeabi_llsr                             0x0000042b   Thumb Code    32  llushr.o(.text)
    _ll_ushift_r                             0x0000042b   Thumb Code     0  llushr.o(.text)
    __scatterload                            0x0000044d   Thumb Code    28  init.o(.text)
    __scatterload_rt2                        0x0000044d   Thumb Code     0  init.o(.text)
    KEY1_Down                                0x00000471   Thumb Code    48  key.o(i.KEY1_Down)
    KEY2_Down                                0x000004a1   Thumb Code    48  key.o(i.KEY2_Down)
    KEY_Init                                 0x000004d1   Thumb Code    20  key.o(i.KEY_Init)
    LED1_Close                               0x000004e5   Thumb Code    10  led.o(i.LED1_Close)
    LED1_Open                                0x000004ef   Thumb Code    10  led.o(i.LED1_Open)
    LED1_blink                               0x000004f9   Thumb Code    40  led.o(i.LED1_blink)
    LED4_Close                               0x00000521   Thumb Code    10  led.o(i.LED4_Close)
    LED4_Toggle                              0x0000052b   Thumb Code    10  led.o(i.LED4_Toggle)
    LED5_Close                               0x00000535   Thumb Code    10  led.o(i.LED5_Close)
    LED5_Open                                0x0000053f   Thumb Code    10  led.o(i.LED5_Open)
    LED_Init                                 0x00000549   Thumb Code    34  led.o(i.LED_Init)
    POWER_CLOCK_IRQHandler                   0x0000056d   Thumb Code    80  nrfx_clock.o(i.POWER_CLOCK_IRQHandler)
    RTC0_IRQHandler                          0x000005c1   Thumb Code    14  nrfx_rtc.o(i.RTC0_IRQHandler)
    SEGGER_RTT_Init                          0x000005d5   Thumb Code     8  segger_rtt.o(i.SEGGER_RTT_Init)
    SEGGER_RTT_WriteNoLock                   0x000005dd   Thumb Code   126  segger_rtt.o(i.SEGGER_RTT_WriteNoLock)
    SPIM0_SPIS0_TWIM0_TWIS0_SPI0_TWI0_IRQHandler 0x00000661   Thumb Code    12  nrfx_spim.o(i.SPIM0_SPIS0_TWIM0_TWIS0_SPI0_TWI0_IRQHandler)
    SystemCoreClockUpdate                    0x00000675   Thumb Code     8  system_nrf52840.o(i.SystemCoreClockUpdate)
    SystemInit                               0x00000685   Thumb Code   494  system_nrf52840.o(i.SystemInit)
    UARTE0_UART0_IRQHandler__                0x000008b5   Thumb Code   148  uarte.o(i.UARTE0_UART0_IRQHandler__)
    WirteToSD                                0x00000989   Thumb Code   106  sdcardrw.o(i.WirteToSD)
    __scatterload_copy                       0x00000b7b   Thumb Code    14  handlers.o(i.__scatterload_copy)
    __scatterload_null                       0x00000b89   Thumb Code     2  handlers.o(i.__scatterload_null)
    __scatterload_zeroinit                   0x00000b8b   Thumb Code    14  handlers.o(i.__scatterload_zeroinit)
    app_error_fault_handler                  0x00000b99   Thumb Code   146  app_error_weak.o(i.app_error_fault_handler)
    app_error_handler_bare                   0x00000c59   Thumb Code    28  app_error.o(i.app_error_handler_bare)
    app_sdc_block_read                       0x00000c75   Thumb Code   136  app_sdcard.o(i.app_sdc_block_read)
    app_sdc_block_write                      0x00000d01   Thumb Code   192  app_sdcard.o(i.app_sdc_block_write)
    app_sdc_busy_check                       0x00000dc5   Thumb Code    26  app_sdcard.o(i.app_sdc_busy_check)
    app_sdc_info_get                         0x00000de5   Thumb Code    20  app_sdcard.o(i.app_sdc_info_get)
    app_sdc_init                             0x00000dfd   Thumb Code   244  app_sdcard.o(i.app_sdc_init)
    app_sdc_uninit                           0x00000f01   Thumb Code    82  app_sdcard.o(i.app_sdc_uninit)
    app_util_critical_region_enter           0x00000f5d   Thumb Code    10  app_util_platform.o(i.app_util_critical_region_enter)
    app_util_critical_region_exit            0x00000f67   Thumb Code    10  app_util_platform.o(i.app_util_critical_region_exit)
    app_util_disable_irq                     0x00000f71   Thumb Code    14  app_util_platform.o(i.app_util_disable_irq)
    app_util_enable_irq                      0x00000f85   Thumb Code    20  app_util_platform.o(i.app_util_enable_irq)
    buffer_is_empty                          0x00001371   Thumb Code    20  nrf_log_frontend.o(i.buffer_is_empty)
    create_newfile                           0x0000164d   Thumb Code    86  sdcardrw.o(i.create_newfile)
    disk_initialize                          0x00001a3d   Thumb Code   254  diskio_blkdev.o(i.disk_initialize)
    disk_ioctl                               0x00001b4d   Thumb Code   178  diskio_blkdev.o(i.disk_ioctl)
    disk_read                                0x00001c09   Thumb Code   204  diskio_blkdev.o(i.disk_read)
    disk_status                              0x00001cdd   Thumb Code    30  diskio_blkdev.o(i.disk_status)
    disk_write                               0x00001d05   Thumb Code   228  diskio_blkdev.o(i.disk_write)
    diskio_blockdev_register                 0x00001df1   Thumb Code    10  diskio_blkdev.o(i.diskio_blockdev_register)
    f_close                                  0x00001e1d   Thumb Code    34  ff.o(i.f_close)
    f_lseek                                  0x00001e3f   Thumb Code   386  ff.o(i.f_lseek)
    f_mount                                  0x00001fc1   Thumb Code    86  ff.o(i.f_mount)
    f_open                                   0x0000201d   Thumb Code   492  ff.o(i.f_open)
    f_read                                   0x0000220d   Thumb Code   412  ff.o(i.f_read)
    f_sync                                   0x000023a9   Thumb Code   156  ff.o(i.f_sync)
    f_unlink                                 0x00002449   Thumb Code   170  ff.o(i.f_unlink)
    f_write                                  0x000024f3   Thumb Code   478  ff.o(i.f_write)
    fatfs_init                               0x000026d1   Thumb Code   178  sdcardrw.o(i.fatfs_init)
    fatfs_readconfig                         0x000027dd   Thumb Code   306  sdcardrw.o(i.fatfs_readconfig)
    lfclk_config                             0x000030d1   Thumb Code    34  rtc.o(i.lfclk_config)
    logName_plus                             0x000030f5   Thumb Code   162  sdcardrw.o(i.logName_plus)
    main                                     0x000032ad   Thumb Code    92  main.o(i.main)
    nrf_atomic_flag_clear_fetch              0x00003645   Thumb Code    14  nrf_atomic.o(i.nrf_atomic_flag_clear_fetch)
    nrf_atomic_flag_set                      0x00003653   Thumb Code    14  nrf_atomic.o(i.nrf_atomic_flag_set)
    nrf_atomic_u32_add                       0x00003661   Thumb Code    22  nrf_atomic.o(i.nrf_atomic_u32_add)
    nrf_atomic_u32_fetch_and                 0x00003677   Thumb Code    22  nrf_atomic.o(i.nrf_atomic_u32_fetch_and)
    nrf_atomic_u32_fetch_store               0x0000368d   Thumb Code    22  nrf_atomic.o(i.nrf_atomic_u32_fetch_store)
    nrf_atomic_u32_or                        0x000036a3   Thumb Code    22  nrf_atomic.o(i.nrf_atomic_u32_or)
    nrf_atomic_u32_sub                       0x000036b9   Thumb Code    22  nrf_atomic.o(i.nrf_atomic_u32_sub)
    nrf_balloc_alloc                         0x000036cf   Thumb Code    76  nrf_balloc.o(i.nrf_balloc_alloc)
    nrf_balloc_free                          0x0000372b   Thumb Code    42  nrf_balloc.o(i.nrf_balloc_free)
    nrf_balloc_init                          0x00003761   Thumb Code    60  nrf_balloc.o(i.nrf_balloc_init)
    nrf_drv_clock_init                       0x00003865   Thumb Code    60  nrf_drv_clock.o(i.nrf_drv_clock_init)
    nrf_drv_clock_lfclk_request              0x000038a9   Thumb Code    88  nrf_drv_clock.o(i.nrf_drv_clock_lfclk_request)
    nrf_drv_spi_init                         0x00003905   Thumb Code   120  nrf_drv_spi.o(i.nrf_drv_spi_init)
    nrf_fprintf                              0x000039bf   Thumb Code    42  nrf_fprintf.o(i.nrf_fprintf)
    nrf_fprintf_buffer_flush                 0x000039e9   Thumb Code    28  nrf_fprintf.o(i.nrf_fprintf_buffer_flush)
    nrf_fprintf_fmt                          0x00003a05   Thumb Code   496  nrf_fprintf_format.o(i.nrf_fprintf_fmt)
    nrf_log_backend_add                      0x00003e31   Thumb Code    78  nrf_log_frontend.o(i.nrf_log_backend_add)
    nrf_log_backend_rtt_init                 0x00003e87   Thumb Code     8  nrf_log_backend_rtt.o(i.nrf_log_backend_rtt_init)
    nrf_log_backend_serial_put               0x00003eb1   Thumb Code   242  nrf_log_backend_serial.o(i.nrf_log_backend_serial_put)
    nrf_log_color_id_get                     0x00003fa5   Thumb Code    52  nrf_log_frontend.o(i.nrf_log_color_id_get)
    nrf_log_default_backends_init            0x00003fdd   Thumb Code    34  nrf_log_default_backends.o(i.nrf_log_default_backends_init)
    nrf_log_frontend_dequeue                 0x00004005   Thumb Code   748  nrf_log_frontend.o(i.nrf_log_frontend_dequeue)
    nrf_log_frontend_std_0                   0x00004319   Thumb Code    20  nrf_log_frontend.o(i.nrf_log_frontend_std_0)
    nrf_log_frontend_std_1                   0x0000432d   Thumb Code    24  nrf_log_frontend.o(i.nrf_log_frontend_std_1)
    nrf_log_frontend_std_2                   0x00004345   Thumb Code    32  nrf_log_frontend.o(i.nrf_log_frontend_std_2)
    nrf_log_hexdump_entry_process            0x00004365   Thumb Code   164  nrf_log_str_formatter.o(i.nrf_log_hexdump_entry_process)
    nrf_log_init                             0x00004421   Thumb Code    50  nrf_log_frontend.o(i.nrf_log_init)
    nrf_log_module_cnt_get                   0x00004469   Thumb Code    10  nrf_log_frontend.o(i.nrf_log_module_cnt_get)
    nrf_log_module_name_get                  0x0000447d   Thumb Code    30  nrf_log_frontend.o(i.nrf_log_module_name_get)
    nrf_log_panic                            0x000044a1   Thumb Code    48  nrf_log_frontend.o(i.nrf_log_panic)
    nrf_log_std_entry_process                0x000044d5   Thumb Code   200  nrf_log_str_formatter.o(i.nrf_log_std_entry_process)
    nrf_memobj_alloc                         0x0000459d   Thumb Code   122  nrf_memobj.o(i.nrf_memobj_alloc)
    nrf_memobj_free                          0x00004617   Thumb Code    64  nrf_memobj.o(i.nrf_memobj_free)
    nrf_memobj_get                           0x00004657   Thumb Code    16  nrf_memobj.o(i.nrf_memobj_get)
    nrf_memobj_pool_init                     0x00004667   Thumb Code    12  nrf_memobj.o(i.nrf_memobj_pool_init)
    nrf_memobj_put                           0x00004673   Thumb Code    30  nrf_memobj.o(i.nrf_memobj_put)
    nrf_memobj_read                          0x00004691   Thumb Code    34  nrf_memobj.o(i.nrf_memobj_read)
    nrf_memobj_write                         0x000046b3   Thumb Code    34  nrf_memobj.o(i.nrf_memobj_write)
    nrf_ringbuf_init                         0x000046d5   Thumb Code    28  nrf_ringbuf.o(i.nrf_ringbuf_init)
    nrfx_clock_enable                        0x00004771   Thumb Code    16  nrfx_clock.o(i.nrfx_clock_enable)
    nrfx_clock_init                          0x00004785   Thumb Code    30  nrfx_clock.o(i.nrfx_clock_init)
    nrfx_clock_lfclk_start                   0x000047a9   Thumb Code    24  nrfx_clock.o(i.nrfx_clock_lfclk_start)
    nrfx_prs_acquire                         0x00004895   Thumb Code    72  nrfx_prs.o(i.nrfx_prs_acquire)
    nrfx_prs_release                         0x000048dd   Thumb Code    22  nrfx_prs.o(i.nrfx_prs_release)
    nrfx_rtc_enable                          0x000048f5   Thumb Code    26  nrfx_rtc.o(i.nrfx_rtc_enable)
    nrfx_rtc_init                            0x00004915   Thumb Code   190  nrfx_rtc.o(i.nrfx_rtc_init)
    nrfx_rtc_overflow_enable                 0x000049e5   Thumb Code    44  nrfx_rtc.o(i.nrfx_rtc_overflow_enable)
    nrfx_spim_init                           0x00004a11   Thumb Code   444  nrfx_spim.o(i.nrfx_spim_init)
    nrfx_spim_uninit                         0x00004bdd   Thumb Code   194  nrfx_spim.o(i.nrfx_spim_uninit)
    nrfx_spim_xfer                           0x00004cad   Thumb Code   104  nrfx_spim.o(i.nrfx_spim_xfer)
    printf_data                              0x00004e05   Thumb Code   118  sdcardrw.o(i.printf_data)
    readbuff                                 0x00004ffd   Thumb Code    62  uarte.o(i.readbuff)
    ring_buffer_creat                        0x000050e3   Thumb Code    38  ring_buffer.o(i.ring_buffer_creat)
    ring_buffer_get_length                   0x0000511d   Thumb Code    40  ring_buffer.o(i.ring_buffer_get_length)
    ring_buffer_read_byte                    0x00005145   Thumb Code    52  ring_buffer.o(i.ring_buffer_read_byte)
    ring_buffer_write_byte                   0x00005189   Thumb Code    42  ring_buffer.o(i.ring_buffer_write_byte)
    ringbuffer_creat                         0x000051b5   Thumb Code    16  uarte.o(i.ringbuffer_creat)
    rtc_config                               0x000051cd   Thumb Code    92  rtc.o(i.rtc_config)
    uartE_DMA_Init                           0x00006789   Thumb Code   226  uarte.o(i.uartE_DMA_Init)
    rtc                                      0x000069b4   Data           8  rtc.o(.constdata)
    nrf_block_device_sdc_ops                 0x00006af4   Data          24  nrf_block_dev_sdc.o(.constdata)
    nrf_log_backend_rtt_api                  0x00006b60   Data          12  nrf_log_backend_rtt.o(.constdata)
    __ctype_table                            0x00006b84   Data         129  ctype_o.o(.constdata)
    Region$$Table$$Base                      0x00006ccc   Number         0  anon$$obj.o(Region$$Table)
    Region$$Table$$Limit                     0x00006cec   Number         0  anon$$obj.o(Region$$Table)
    log_const_data$$Base                     0x00006cfc   Number         0  nrfx_prs.o(log_const_data)
    m_nrf_log_PRS_logs_data_const            0x00006cfc   Data           8  nrfx_prs.o(log_const_data)
    m_nrf_log_UART_logs_data_const           0x00006d04   Data           8  nrfx_uart.o(log_const_data)
    m_nrf_log_UARTE_logs_data_const          0x00006d0c   Data           8  nrfx_uarte.o(log_const_data)
    m_nrf_log_SPIM_logs_data_const           0x00006d14   Data           8  nrfx_spim.o(log_const_data)
    m_nrf_log_clock_logs_data_const          0x00006d1c   Data           8  nrf_drv_clock.o(log_const_data)
    m_nrf_log_CLOCK_logs_data_const          0x00006d24   Data           8  nrfx_clock.o(log_const_data)
    m_nrf_log_RTC_logs_data_const            0x00006d2c   Data           8  nrfx_rtc.o(log_const_data)
    m_nrf_log_app_logs_data_const            0x00006d34   Data           8  nrf_log_frontend.o(log_const_data)
    log_const_data$$Limit                    0x00006d3c   Number         0  nrf_log_frontend.o(log_const_data)
    log_mempool                              0x00006d3c   Data          20  nrf_log_frontend.o(nrf_balloc)
    logName                                  0x20000000   Data           8  sdcardrw.o(.data)
    fr                                       0x20000008   Data           1  sdcardrw.o(.data)
    readBoud                                 0x2000000c   Data           4  sdcardrw.o(.data)
    openflag                                 0x20000010   Data           1  sdcardrw.o(.data)
    timer_flag                               0x20000020   Data           4  rtc.o(.data)
    cnt_t                                    0x20000028   Data           4  uarte.o(.data)
    SystemCoreClock                          0x200000cc   Data           4  system_nrf52840.o(.data)
    readFatfsBuf                             0x200000d0   Data          50  sdcardrw.o(.bss)
    Config_txt                               0x20000102   Data          21  sdcardrw.o(.bss)
    FatFs                                    0x20000118   Data         560  sdcardrw.o(.bss)
    fil                                      0x20000348   Data         552  sdcardrw.o(.bss)
    buff_1                                   0x200009b0   Data         255  uarte.o(.bss)
    buff_2                                   0x20000aaf   Data         255  uarte.o(.bss)
    r_buf                                    0x20000bb0   Data          12  uarte.o(.bss)
    r_buff                                   0x20000bbc   Data        4096  uarte.o(.bss)
    print_buff                               0x20001bbc   Data       102400  uarte.o(.bss)
    _SEGGER_RTT                              0x2001b228   Data         120  segger_rtt.o(.bss)
    __initial_sp                             0x2001f4b0   Data           0  arm_startup_nrf52840.o(STACK)



==============================================================================

Memory Map of the image

  Image Entry point : 0x00000201

  Load Region LR_IROM1 (Base: 0x00000000, Size: 0x00006e20, Max: 0x00100000, ABSOLUTE)

    Execution Region ER_IROM1 (Exec base: 0x00000000, Load base: 0x00000000, Size: 0x00006d50, Max: 0x00100000, ABSOLUTE)

    Exec Addr    Load Addr    Size         Type   Attr      Idx    E Section Name        Object

    0x00000000   0x00000000   0x00000200   Data   RO         4665    RESET               arm_startup_nrf52840.o
    0x00000200   0x00000200   0x00000000   Code   RO         6556  * .ARM.Collect$$$$00000000  mc_w.l(entry.o)
    0x00000200   0x00000200   0x00000004   Code   RO         6603    .ARM.Collect$$$$00000001  mc_w.l(entry2.o)
    0x00000204   0x00000204   0x00000004   Code   RO         6606    .ARM.Collect$$$$00000004  mc_w.l(entry5.o)
    0x00000208   0x00000208   0x00000000   Code   RO         6608    .ARM.Collect$$$$00000008  mc_w.l(entry7b.o)
    0x00000208   0x00000208   0x00000000   Code   RO         6610    .ARM.Collect$$$$0000000A  mc_w.l(entry8b.o)
    0x00000208   0x00000208   0x00000008   Code   RO         6611    .ARM.Collect$$$$0000000B  mc_w.l(entry9a.o)
    0x00000210   0x00000210   0x00000004   Code   RO         6618    .ARM.Collect$$$$0000000E  mc_w.l(entry12b.o)
    0x00000214   0x00000214   0x00000000   Code   RO         6613    .ARM.Collect$$$$0000000F  mc_w.l(entry10a.o)
    0x00000214   0x00000214   0x00000000   Code   RO         6615    .ARM.Collect$$$$00000011  mc_w.l(entry11a.o)
    0x00000214   0x00000214   0x00000004   Code   RO         6604    .ARM.Collect$$$$00002712  mc_w.l(entry2.o)
    0x00000218   0x00000218   0x000000e2   Code   RO         3345    .emb_text           nrf_atomic.o
    0x000002fa   0x000002fa   0x00000002   PAD
    0x000002fc   0x000002fc   0x00000024   Code   RO         4666    .text               arm_startup_nrf52840.o
    0x00000320   0x00000320   0x00000062   Code   RO         6559    .text               mc_w.l(uldiv.o)
    0x00000382   0x00000382   0x00000002   PAD
    0x00000384   0x00000384   0x00000008   Code   RO         6561    .text               mc_w.l(ctype_o.o)
    0x0000038c   0x0000038c   0x00000024   Code   RO         6589    .text               mc_w.l(memcpya.o)
    0x000003b0   0x000003b0   0x00000024   Code   RO         6591    .text               mc_w.l(memseta.o)
    0x000003d4   0x000003d4   0x00000018   Code   RO         6593    .text               mc_w.l(strcat.o)
    0x000003ec   0x000003ec   0x0000000e   Code   RO         6597    .text               mc_w.l(strlen.o)
    0x000003fa   0x000003fa   0x00000012   Code   RO         6599    .text               mc_w.l(strcpy.o)
    0x0000040c   0x0000040c   0x0000001e   Code   RO         6619    .text               mc_w.l(llshl.o)
    0x0000042a   0x0000042a   0x00000020   Code   RO         6621    .text               mc_w.l(llushr.o)
    0x0000044a   0x0000044a   0x00000002   PAD
    0x0000044c   0x0000044c   0x00000024   Code   RO         6623    .text               mc_w.l(init.o)
    0x00000470   0x00000470   0x00000030   Code   RO          856    i.KEY1_Down         key.o
    0x000004a0   0x000004a0   0x00000030   Code   RO          857    i.KEY2_Down         key.o
    0x000004d0   0x000004d0   0x00000014   Code   RO          858    i.KEY_Init          key.o
    0x000004e4   0x000004e4   0x0000000a   Code   RO          729    i.LED1_Close        led.o
    0x000004ee   0x000004ee   0x0000000a   Code   RO          730    i.LED1_Open         led.o
    0x000004f8   0x000004f8   0x00000028   Code   RO          732    i.LED1_blink        led.o
    0x00000520   0x00000520   0x0000000a   Code   RO          734    i.LED4_Close        led.o
    0x0000052a   0x0000052a   0x0000000a   Code   RO          736    i.LED4_Toggle       led.o
    0x00000534   0x00000534   0x0000000a   Code   RO          737    i.LED5_Close        led.o
    0x0000053e   0x0000053e   0x0000000a   Code   RO          738    i.LED5_Open         led.o
    0x00000548   0x00000548   0x00000022   Code   RO          739    i.LED_Init          led.o
    0x0000056a   0x0000056a   0x00000002   PAD
    0x0000056c   0x0000056c   0x00000054   Code   RO         2542    i.POWER_CLOCK_IRQHandler  nrfx_clock.o
    0x000005c0   0x000005c0   0x00000014   Code   RO         2695    i.RTC0_IRQHandler   nrfx_rtc.o
    0x000005d4   0x000005d4   0x00000008   Code   RO         4417    i.SEGGER_RTT_Init   segger_rtt.o
    0x000005dc   0x000005dc   0x00000084   Code   RO         4431    i.SEGGER_RTT_WriteNoLock  segger_rtt.o
    0x00000660   0x00000660   0x00000014   Code   RO         2219    i.SPIM0_SPIS0_TWIM0_TWIS0_SPI0_TWI0_IRQHandler  nrfx_spim.o
    0x00000674   0x00000674   0x00000010   Code   RO         4673    i.SystemCoreClockUpdate  system_nrf52840.o
    0x00000684   0x00000684   0x00000230   Code   RO         4674    i.SystemInit        system_nrf52840.o
    0x000008b4   0x000008b4   0x000000ac   Code   RO          916    i.UARTE0_UART0_IRQHandler__  uarte.o
    0x00000960   0x00000960   0x00000028   Code   RO            4    i.UarteWirteToSD    main.o
    0x00000988   0x00000988   0x000000a8   Code   RO          433    i.WirteToSD         sdcardrw.o
    0x00000a30   0x00000a30   0x00000070   Code   RO         4435    i._DoInit           segger_rtt.o
    0x00000aa0   0x00000aa0   0x0000001c   Code   RO         4436    i._GetAvailWriteSpace  segger_rtt.o
    0x00000abc   0x00000abc   0x00000072   Code   RO         4438    i._WriteBlocking    segger_rtt.o
    0x00000b2e   0x00000b2e   0x0000004c   Code   RO         4439    i._WriteNoCheck     segger_rtt.o
    0x00000b7a   0x00000b7a   0x0000000e   Code   RO         6627    i.__scatterload_copy  mc_w.l(handlers.o)
    0x00000b88   0x00000b88   0x00000002   Code   RO         6628    i.__scatterload_null  mc_w.l(handlers.o)
    0x00000b8a   0x00000b8a   0x0000000e   Code   RO         6629    i.__scatterload_zeroinit  mc_w.l(handlers.o)
    0x00000b98   0x00000b98   0x000000c0   Code   RO         3030    i.app_error_fault_handler  app_error_weak.o
    0x00000c58   0x00000c58   0x0000001c   Code   RO         2884    i.app_error_handler_bare  app_error.o
    0x00000c74   0x00000c74   0x0000008c   Code   RO         3764    i.app_sdc_block_read  app_sdcard.o
    0x00000d00   0x00000d00   0x000000c4   Code   RO         3765    i.app_sdc_block_write  app_sdcard.o
    0x00000dc4   0x00000dc4   0x00000020   Code   RO         3766    i.app_sdc_busy_check  app_sdcard.o
    0x00000de4   0x00000de4   0x00000018   Code   RO         3767    i.app_sdc_info_get  app_sdcard.o
    0x00000dfc   0x00000dfc   0x00000104   Code   RO         3768    i.app_sdc_init      app_sdcard.o
    0x00000f00   0x00000f00   0x0000005c   Code   RO         3769    i.app_sdc_uninit    app_sdcard.o
    0x00000f5c   0x00000f5c   0x0000000a   Code   RO         2945    i.app_util_critical_region_enter  app_util_platform.o
    0x00000f66   0x00000f66   0x0000000a   Code   RO         2946    i.app_util_critical_region_exit  app_util_platform.o
    0x00000f70   0x00000f70   0x00000014   Code   RO         2947    i.app_util_disable_irq  app_util_platform.o
    0x00000f84   0x00000f84   0x00000018   Code   RO         2948    i.app_util_enable_irq  app_util_platform.o
    0x00000f9c   0x00000f9c   0x0000003c   Code   RO         4149    i.backend_id_assign  nrf_log_frontend.o
    0x00000fd8   0x00000fd8   0x0000004c   Code   RO         1252    i.block_dev_handler  diskio_blkdev.o
    0x00001024   0x00001024   0x00000008   Code   RO         3914    i.block_dev_sdc_geometry  nrf_block_dev_sdc.o
    0x0000102c   0x0000102c   0x00000088   Code   RO         3915    i.block_dev_sdc_init  nrf_block_dev_sdc.o
    0x000010b4   0x000010b4   0x00000032   Code   RO         3916    i.block_dev_sdc_ioctl  nrf_block_dev_sdc.o
    0x000010e6   0x000010e6   0x00000002   PAD
    0x000010e8   0x000010e8   0x0000008c   Code   RO         3917    i.block_dev_sdc_read_req  nrf_block_dev_sdc.o
    0x00001174   0x00001174   0x00000060   Code   RO         3918    i.block_dev_sdc_uninit  nrf_block_dev_sdc.o
    0x000011d4   0x000011d4   0x0000008c   Code   RO         3919    i.block_dev_sdc_write_req  nrf_block_dev_sdc.o
    0x00001260   0x00001260   0x000000e4   Code   RO         4150    i.buf_prealloc      nrf_log_frontend.o
    0x00001344   0x00001344   0x0000002c   Code   RO         3156    i.buffer_add        nrf_fprintf_format.o
    0x00001370   0x00001370   0x00000018   Code   RO         4151    i.buffer_is_empty   nrf_log_frontend.o
    0x00001388   0x00001388   0x0000007c   Code   RO          966    i.check_fs          ff.o
    0x00001404   0x00001404   0x00000014   Code   RO          967    i.chk_chr           ff.o
    0x00001418   0x00001418   0x00000030   Code   RO         2387    i.clock_clk_started_notify  nrf_drv_clock.o
    0x00001448   0x00001448   0x00000028   Code   RO         2388    i.clock_irq_handler  nrf_drv_clock.o
    0x00001470   0x00001470   0x0000001a   Code   RO          968    i.clust2sect        ff.o
    0x0000148a   0x0000148a   0x000000e0   Code   RO          969    i.create_chain      ff.o
    0x0000156a   0x0000156a   0x00000002   PAD
    0x0000156c   0x0000156c   0x000000e0   Code   RO          970    i.create_name       ff.o
    0x0000164c   0x0000164c   0x000000a8   Code   RO          435    i.create_newfile    sdcardrw.o
    0x000016f4   0x000016f4   0x00000004   Code   RO         1253    i.default_wait_func  diskio_blkdev.o
    0x000016f8   0x000016f8   0x00000060   Code   RO          971    i.dir_alloc         ff.o
    0x00001758   0x00001758   0x0000006c   Code   RO          972    i.dir_find          ff.o
    0x000017c4   0x000017c4   0x0000010c   Code   RO          973    i.dir_next          ff.o
    0x000018d0   0x000018d0   0x00000074   Code   RO          974    i.dir_read          ff.o
    0x00001944   0x00001944   0x0000003c   Code   RO          975    i.dir_register      ff.o
    0x00001980   0x00001980   0x00000020   Code   RO          976    i.dir_remove        ff.o
    0x000019a0   0x000019a0   0x0000009a   Code   RO          977    i.dir_sdi           ff.o
    0x00001a3a   0x00001a3a   0x00000002   PAD
    0x00001a3c   0x00001a3c   0x00000110   Code   RO         1254    i.disk_initialize   diskio_blkdev.o
    0x00001b4c   0x00001b4c   0x000000bc   Code   RO         1255    i.disk_ioctl        diskio_blkdev.o
    0x00001c08   0x00001c08   0x000000d4   Code   RO         1256    i.disk_read         diskio_blkdev.o
    0x00001cdc   0x00001cdc   0x00000028   Code   RO         1257    i.disk_status       diskio_blkdev.o
    0x00001d04   0x00001d04   0x000000ec   Code   RO         1259    i.disk_write        diskio_blkdev.o
    0x00001df0   0x00001df0   0x00000014   Code   RO         1260    i.diskio_blockdev_register  diskio_blkdev.o
    0x00001e04   0x00001e04   0x00000018   Code   RO         4152    i.dropped_sat16_get  nrf_log_frontend.o
    0x00001e1c   0x00001e1c   0x00000022   Code   RO          978    i.f_close           ff.o
    0x00001e3e   0x00001e3e   0x00000182   Code   RO          981    i.f_lseek           ff.o
    0x00001fc0   0x00001fc0   0x0000005c   Code   RO          984    i.f_mount           ff.o
    0x0000201c   0x0000201c   0x000001f0   Code   RO          985    i.f_open            ff.o
    0x0000220c   0x0000220c   0x0000019c   Code   RO          987    i.f_read            ff.o
    0x000023a8   0x000023a8   0x000000a0   Code   RO          991    i.f_sync            ff.o
    0x00002448   0x00002448   0x000000aa   Code   RO          993    i.f_unlink          ff.o
    0x000024f2   0x000024f2   0x000001de   Code   RO          994    i.f_write           ff.o
    0x000026d0   0x000026d0   0x0000010c   Code   RO          436    i.fatfs_init        sdcardrw.o
    0x000027dc   0x000027dc   0x000001ac   Code   RO          437    i.fatfs_readconfig  sdcardrw.o
    0x00002988   0x00002988   0x000002f8   Code   RO          995    i.find_volume       ff.o
    0x00002c80   0x00002c80   0x0000002e   Code   RO         2220    i.finish_transfer   nrfx_spim.o
    0x00002cae   0x00002cae   0x000000a2   Code   RO          996    i.follow_path       ff.o
    0x00002d50   0x00002d50   0x000000e0   Code   RO          997    i.get_fat           ff.o
    0x00002e30   0x00002e30   0x00000048   Code   RO          999    i.get_ldnumber      ff.o
    0x00002e78   0x00002e78   0x000000be   Code   RO         3157    i.int_print         nrf_fprintf_format.o
    0x00002f36   0x00002f36   0x00000046   Code   RO         4154    i.invalid_packets_omit  nrf_log_frontend.o
    0x00002f7c   0x00002f7c   0x00000024   Code   RO         2221    i.irq_handler       nrfx_spim.o
    0x00002fa0   0x00002fa0   0x000000b8   Code   RO         2696    i.irq_handler       nrfx_rtc.o
    0x00003058   0x00003058   0x0000000c   Code   RO         2391    i.item_dequeue      nrf_drv_clock.o
    0x00003064   0x00003064   0x00000022   Code   RO         2392    i.item_enqueue      nrf_drv_clock.o
    0x00003086   0x00003086   0x00000026   Code   RO         1000    i.ld_clust          ff.o
    0x000030ac   0x000030ac   0x00000018   Code   RO         1001    i.ld_dword          ff.o
    0x000030c4   0x000030c4   0x0000000c   Code   RO         1002    i.ld_word           ff.o
    0x000030d0   0x000030d0   0x00000022   Code   RO          655    i.lfclk_config      rtc.o
    0x000030f2   0x000030f2   0x00000002   PAD
    0x000030f4   0x000030f4   0x000000c4   Code   RO          438    i.logName_plus      sdcardrw.o
    0x000031b8   0x000031b8   0x00000026   Code   RO            5    i.log_init          main.o
    0x000031de   0x000031de   0x00000002   PAD
    0x000031e0   0x000031e0   0x000000cc   Code   RO         4155    i.log_skip          nrf_log_frontend.o
    0x000032ac   0x000032ac   0x0000006c   Code   RO            6    i.main              main.o
    0x00003318   0x00003318   0x00000024   Code   RO         1003    i.mem_cmp           ff.o
    0x0000333c   0x0000333c   0x0000001a   Code   RO         1004    i.mem_cpy           ff.o
    0x00003356   0x00003356   0x00000012   Code   RO         1005    i.mem_set           ff.o
    0x00003368   0x00003368   0x000000ca   Code   RO         3267    i.memobj_op         nrf_memobj.o
    0x00003432   0x00003432   0x00000002   PAD
    0x00003434   0x00003434   0x00000038   Code   RO         4156    i.module_idx_get    nrf_log_frontend.o
    0x0000346c   0x0000346c   0x00000034   Code   RO         1006    i.move_window       ff.o
    0x000034a0   0x000034a0   0x0000003c   Code   RO         4757    i.nrf52_errata_103  system_nrf52840.o
    0x000034dc   0x000034dc   0x0000003c   Code   RO         4768    i.nrf52_errata_115  system_nrf52840.o
    0x00003518   0x00003518   0x0000003c   Code   RO         4774    i.nrf52_errata_120  system_nrf52840.o
    0x00003554   0x00003554   0x0000003c   Code   RO         4784    i.nrf52_errata_136  system_nrf52840.o
    0x00003590   0x00003590   0x0000003c   Code   RO         4879    i.nrf52_errata_36   system_nrf52840.o
    0x000035cc   0x000035cc   0x0000003c   Code   RO         4902    i.nrf52_errata_66   system_nrf52840.o
    0x00003608   0x00003608   0x0000003c   Code   RO         4929    i.nrf52_errata_98   system_nrf52840.o
    0x00003644   0x00003644   0x0000000e   Code   RO         3347    i.nrf_atomic_flag_clear_fetch  nrf_atomic.o
    0x00003652   0x00003652   0x0000000e   Code   RO         3348    i.nrf_atomic_flag_set  nrf_atomic.o
    0x00003660   0x00003660   0x00000016   Code   RO         3350    i.nrf_atomic_u32_add  nrf_atomic.o
    0x00003676   0x00003676   0x00000016   Code   RO         3354    i.nrf_atomic_u32_fetch_and  nrf_atomic.o
    0x0000368c   0x0000368c   0x00000016   Code   RO         3356    i.nrf_atomic_u32_fetch_store  nrf_atomic.o
    0x000036a2   0x000036a2   0x00000016   Code   RO         3360    i.nrf_atomic_u32_or  nrf_atomic.o
    0x000036b8   0x000036b8   0x00000016   Code   RO         3362    i.nrf_atomic_u32_sub  nrf_atomic.o
    0x000036ce   0x000036ce   0x0000004c   Code   RO         3484    i.nrf_balloc_alloc  nrf_balloc.o
    0x0000371a   0x0000371a   0x00000010   Code   RO         3485    i.nrf_balloc_block2idx  nrf_balloc.o
    0x0000372a   0x0000372a   0x0000002a   Code   RO         3486    i.nrf_balloc_free   nrf_balloc.o
    0x00003754   0x00003754   0x0000000c   Code   RO         3487    i.nrf_balloc_idx2block  nrf_balloc.o
    0x00003760   0x00003760   0x0000003c   Code   RO         3488    i.nrf_balloc_init   nrf_balloc.o
    0x0000379c   0x0000379c   0x0000000e   Code   RO         1261    i.nrf_blk_dev_geometry  diskio_blkdev.o
    0x000037aa   0x000037aa   0x00000016   Code   RO         1262    i.nrf_blk_dev_ioctl  diskio_blkdev.o
    0x000037c0   0x000037c0   0x00000012   Code   RO         2543    i.nrf_clock_event_check  nrfx_clock.o
    0x000037d2   0x000037d2   0x00000012   Code   RO         2544    i.nrf_clock_event_clear  nrfx_clock.o
    0x000037e4   0x000037e4   0x0000000c   Code   RO         2545    i.nrf_clock_int_disable  nrfx_clock.o
    0x000037f0   0x000037f0   0x0000000c   Code   RO         2546    i.nrf_clock_int_enable  nrfx_clock.o
    0x000037fc   0x000037fc   0x00000008   Code   RO         2547    i.nrf_clock_task_trigger  nrfx_clock.o
    0x00003804   0x00003804   0x00000030   Code   RO          740    i.nrf_delay_ms      led.o
    0x00003834   0x00003834   0x00000030   Code   RO          859    i.nrf_delay_ms      key.o
    0x00003864   0x00003864   0x00000044   Code   RO         2399    i.nrf_drv_clock_init  nrf_drv_clock.o
    0x000038a8   0x000038a8   0x0000005c   Code   RO         2404    i.nrf_drv_clock_lfclk_request  nrf_drv_clock.o
    0x00003904   0x00003904   0x00000088   Code   RO         2149    i.nrf_drv_spi_init  nrf_drv_spi.o
    0x0000398c   0x0000398c   0x00000032   Code   RO         3770    i.nrf_drv_spi_transfer  app_sdcard.o
    0x000039be   0x000039be   0x0000002a   Code   RO         3117    i.nrf_fprintf       nrf_fprintf.o
    0x000039e8   0x000039e8   0x0000001c   Code   RO         3118    i.nrf_fprintf_buffer_flush  nrf_fprintf.o
    0x00003a04   0x00003a04   0x000001f0   Code   RO         3158    i.nrf_fprintf_fmt   nrf_fprintf_format.o
    0x00003bf4   0x00003bf4   0x00000034   Code   RO         2222    i.nrf_gpio_cfg      nrfx_spim.o
    0x00003c28   0x00003c28   0x00000034   Code   RO         3771    i.nrf_gpio_cfg      app_sdcard.o
    0x00003c5c   0x00003c5c   0x0000003a   Code   RO          860    i.nrf_gpio_cfg_input  key.o
    0x00003c96   0x00003c96   0x0000003c   Code   RO          741    i.nrf_gpio_cfg_output  led.o
    0x00003cd2   0x00003cd2   0x00000018   Code   RO         2223    i.nrf_gpio_cfg_output  nrfx_spim.o
    0x00003cea   0x00003cea   0x0000001a   Code   RO          742    i.nrf_gpio_pin_clear  led.o
    0x00003d04   0x00003d04   0x0000001a   Code   RO         2224    i.nrf_gpio_pin_clear  nrfx_spim.o
    0x00003d1e   0x00003d1e   0x00000002   PAD
    0x00003d20   0x00003d20   0x00000020   Code   RO          743    i.nrf_gpio_pin_port_decode  led.o
    0x00003d40   0x00003d40   0x00000020   Code   RO          861    i.nrf_gpio_pin_port_decode  key.o
    0x00003d60   0x00003d60   0x00000020   Code   RO         2225    i.nrf_gpio_pin_port_decode  nrfx_spim.o
    0x00003d80   0x00003d80   0x00000020   Code   RO         3772    i.nrf_gpio_pin_port_decode  app_sdcard.o
    0x00003da0   0x00003da0   0x0000001a   Code   RO          862    i.nrf_gpio_pin_read  key.o
    0x00003dba   0x00003dba   0x0000001a   Code   RO          744    i.nrf_gpio_pin_set  led.o
    0x00003dd4   0x00003dd4   0x0000001a   Code   RO         2226    i.nrf_gpio_pin_set  nrfx_spim.o
    0x00003dee   0x00003dee   0x0000001a   Code   RO         3773    i.nrf_gpio_pin_set  app_sdcard.o
    0x00003e08   0x00003e08   0x00000028   Code   RO          745    i.nrf_gpio_pin_toggle  led.o
    0x00003e30   0x00003e30   0x00000054   Code   RO         4157    i.nrf_log_backend_add  nrf_log_frontend.o
    0x00003e84   0x00003e84   0x00000002   Code   RO         3987    i.nrf_log_backend_rtt_flush  nrf_log_backend_rtt.o
    0x00003e86   0x00003e86   0x00000008   Code   RO         3988    i.nrf_log_backend_rtt_init  nrf_log_backend_rtt.o
    0x00003e8e   0x00003e8e   0x00000002   Code   RO         3989    i.nrf_log_backend_rtt_panic_set  nrf_log_backend_rtt.o
    0x00003e90   0x00003e90   0x00000020   Code   RO         3990    i.nrf_log_backend_rtt_put  nrf_log_backend_rtt.o
    0x00003eb0   0x00003eb0   0x000000f2   Code   RO         4058    i.nrf_log_backend_serial_put  nrf_log_backend_serial.o
    0x00003fa2   0x00003fa2   0x00000002   PAD
    0x00003fa4   0x00003fa4   0x00000038   Code   RO         4159    i.nrf_log_color_id_get  nrf_log_frontend.o
    0x00003fdc   0x00003fdc   0x00000028   Code   RO         4110    i.nrf_log_default_backends_init  nrf_log_default_backends.o
    0x00004004   0x00004004   0x00000314   Code   RO         4160    i.nrf_log_frontend_dequeue  nrf_log_frontend.o
    0x00004318   0x00004318   0x00000014   Code   RO         4162    i.nrf_log_frontend_std_0  nrf_log_frontend.o
    0x0000432c   0x0000432c   0x00000018   Code   RO         4163    i.nrf_log_frontend_std_1  nrf_log_frontend.o
    0x00004344   0x00004344   0x00000020   Code   RO         4164    i.nrf_log_frontend_std_2  nrf_log_frontend.o
    0x00004364   0x00004364   0x000000bc   Code   RO         4353    i.nrf_log_hexdump_entry_process  nrf_log_str_formatter.o
    0x00004420   0x00004420   0x00000048   Code   RO         4169    i.nrf_log_init      nrf_log_frontend.o
    0x00004468   0x00004468   0x00000014   Code   RO         4170    i.nrf_log_module_cnt_get  nrf_log_frontend.o
    0x0000447c   0x0000447c   0x00000024   Code   RO         4174    i.nrf_log_module_name_get  nrf_log_frontend.o
    0x000044a0   0x000044a0   0x00000034   Code   RO         4175    i.nrf_log_panic     nrf_log_frontend.o
    0x000044d4   0x000044d4   0x000000c8   Code   RO         4354    i.nrf_log_std_entry_process  nrf_log_str_formatter.o
    0x0000459c   0x0000459c   0x0000007a   Code   RO         3268    i.nrf_memobj_alloc  nrf_memobj.o
    0x00004616   0x00004616   0x00000040   Code   RO         3269    i.nrf_memobj_free   nrf_memobj.o
    0x00004656   0x00004656   0x00000010   Code   RO         3270    i.nrf_memobj_get    nrf_memobj.o
    0x00004666   0x00004666   0x0000000c   Code   RO         3271    i.nrf_memobj_pool_init  nrf_memobj.o
    0x00004672   0x00004672   0x0000001e   Code   RO         3272    i.nrf_memobj_put    nrf_memobj.o
    0x00004690   0x00004690   0x00000022   Code   RO         3273    i.nrf_memobj_read   nrf_memobj.o
    0x000046b2   0x000046b2   0x00000022   Code   RO         3274    i.nrf_memobj_write  nrf_memobj.o
    0x000046d4   0x000046d4   0x0000001c   Code   RO         3206    i.nrf_ringbuf_init  nrf_ringbuf.o
    0x000046f0   0x000046f0   0x0000000e   Code   RO         2698    i.nrf_rtc_event_clear  nrfx_rtc.o
    0x000046fe   0x000046fe   0x00000006   Code   RO         2699    i.nrf_rtc_event_disable  nrfx_rtc.o
    0x00004704   0x00004704   0x00000006   Code   RO         2700    i.nrf_rtc_event_enable  nrfx_rtc.o
    0x0000470a   0x0000470a   0x00000006   Code   RO         2701    i.nrf_rtc_event_pending  nrfx_rtc.o
    0x00004710   0x00004710   0x00000006   Code   RO         2702    i.nrf_rtc_int_disable  nrfx_rtc.o
    0x00004716   0x00004716   0x00000006   Code   RO         2703    i.nrf_rtc_int_enable  nrfx_rtc.o
    0x0000471c   0x0000471c   0x0000000a   Code   RO         2704    i.nrf_rtc_int_is_enabled  nrfx_rtc.o
    0x00004726   0x00004726   0x00000006   Code   RO          656    i.nrf_rtc_task_trigger  rtc.o
    0x0000472c   0x0000472c   0x00000006   Code   RO         2705    i.nrf_rtc_task_trigger  nrfx_rtc.o
    0x00004732   0x00004732   0x0000000e   Code   RO         2227    i.nrf_spim_event_check  nrfx_spim.o
    0x00004740   0x00004740   0x0000000e   Code   RO         2228    i.nrf_spim_event_clear  nrfx_spim.o
    0x0000474e   0x0000474e   0x00000006   Code   RO         2229    i.nrf_spim_int_disable  nrfx_spim.o
    0x00004754   0x00004754   0x00000006   Code   RO         2230    i.nrf_spim_task_trigger  nrfx_spim.o
    0x0000475a   0x0000475a   0x00000002   PAD
    0x0000475c   0x0000475c   0x00000014   Code   RO         2406    i.nrf_wdt_started   nrf_drv_clock.o
    0x00004770   0x00004770   0x00000014   Code   RO         2552    i.nrfx_clock_enable  nrfx_clock.o
    0x00004784   0x00004784   0x00000024   Code   RO         2555    i.nrfx_clock_init   nrfx_clock.o
    0x000047a8   0x000047a8   0x00000018   Code   RO         2557    i.nrfx_clock_lfclk_start  nrfx_clock.o
    0x000047c0   0x000047c0   0x00000008   Code   RO         2231    i.nrfx_get_irq_number  nrfx_spim.o
    0x000047c8   0x000047c8   0x00000008   Code   RO         2560    i.nrfx_get_irq_number  nrfx_clock.o
    0x000047d0   0x000047d0   0x00000014   Code   RO         2232    i.nrfx_is_in_ram    nrfx_spim.o
    0x000047e4   0x000047e4   0x000000b0   Code   RO         2561    i.nrfx_power_clock_irq_init  nrfx_clock.o
    0x00004894   0x00004894   0x00000048   Code   RO         1593    i.nrfx_prs_acquire  nrfx_prs.o
    0x000048dc   0x000048dc   0x00000016   Code   RO         1594    i.nrfx_prs_release  nrfx_prs.o
    0x000048f2   0x000048f2   0x00000002   PAD
    0x000048f4   0x000048f4   0x00000020   Code   RO         2709    i.nrfx_rtc_enable   nrfx_rtc.o
    0x00004914   0x00004914   0x000000d0   Code   RO         2710    i.nrfx_rtc_init     nrfx_rtc.o
    0x000049e4   0x000049e4   0x0000002c   Code   RO         2713    i.nrfx_rtc_overflow_enable  nrfx_rtc.o
    0x00004a10   0x00004a10   0x000001cc   Code   RO         2235    i.nrfx_spim_init    nrfx_spim.o
    0x00004bdc   0x00004bdc   0x000000d0   Code   RO         2237    i.nrfx_spim_uninit  nrfx_spim.o
    0x00004cac   0x00004cac   0x0000006c   Code   RO         2238    i.nrfx_spim_xfer    nrfx_spim.o
    0x00004d18   0x00004d18   0x00000048   Code   RO         4356    i.postfix_process   nrf_log_str_formatter.o
    0x00004d60   0x00004d60   0x000000a4   Code   RO         4357    i.prefix_process    nrf_log_str_formatter.o
    0x00004e04   0x00004e04   0x000000a8   Code   RO          439    i.printf_data       sdcardrw.o
    0x00004eac   0x00004eac   0x00000018   Code   RO         1595    i.prs_box_get       nrfx_prs.o
    0x00004ec4   0x00004ec4   0x00000138   Code   RO         1007    i.put_fat           ff.o
    0x00004ffc   0x00004ffc   0x0000004c   Code   RO          917    i.readbuff          uarte.o
    0x00005048   0x00005048   0x0000009a   Code   RO         1008    i.remove_chain      ff.o
    0x000050e2   0x000050e2   0x00000026   Code   RO          294    i.ring_buffer_creat  ring_buffer.o
    0x00005108   0x00005108   0x0000000a   Code   RO          296    i.ring_buffer_enter_critical  ring_buffer.o
    0x00005112   0x00005112   0x0000000a   Code   RO          297    i.ring_buffer_exit_critical  ring_buffer.o
    0x0000511c   0x0000511c   0x00000028   Code   RO          298    i.ring_buffer_get_length  ring_buffer.o
    0x00005144   0x00005144   0x00000034   Code   RO          299    i.ring_buffer_read_byte  ring_buffer.o
    0x00005178   0x00005178   0x00000010   Code   RO          302    i.ring_buffer_self_add  ring_buffer.o
    0x00005188   0x00005188   0x0000002a   Code   RO          303    i.ring_buffer_write_byte  ring_buffer.o
    0x000051b2   0x000051b2   0x00000002   PAD
    0x000051b4   0x000051b4   0x00000018   Code   RO          918    i.ringbuffer_creat  uarte.o
    0x000051cc   0x000051cc   0x00000068   Code   RO          657    i.rtc_config        rtc.o
    0x00005234   0x00005234   0x00000024   Code   RO          658    i.rtc_handler       rtc.o
    0x00005258   0x00005258   0x00000068   Code   RO         3774    i.sdc_calculate_size  app_sdcard.o
    0x000052c0   0x000052c0   0x000000f8   Code   RO         3775    i.sdc_cmd           app_sdcard.o
    0x000053b8   0x000053b8   0x00000120   Code   RO         3920    i.sdc_handler       nrf_block_dev_sdc.o
    0x000054d8   0x000054d8   0x000004ec   Code   RO         3776    i.sdc_pt_identification  app_sdcard.o
    0x000059c4   0x000059c4   0x00000104   Code   RO         3777    i.sdc_pt_read       app_sdcard.o
    0x00005ac8   0x00005ac8   0x00000228   Code   RO         3778    i.sdc_pt_sub_data_read  app_sdcard.o
    0x00005cf0   0x00005cf0   0x00000368   Code   RO         3779    i.sdc_pt_write      app_sdcard.o
    0x00006058   0x00006058   0x00000064   Code   RO         3780    i.sdc_spi_transfer  app_sdcard.o
    0x000060bc   0x000060bc   0x00000012   Code   RO         3921    i.sdc_wait          nrf_block_dev_sdc.o
    0x000060ce   0x000060ce   0x00000002   PAD
    0x000060d0   0x000060d0   0x00000084   Code   RO         3991    i.serial_tx         nrf_log_backend_rtt.o
    0x00006154   0x00006154   0x00000270   Code   RO         3781    i.spi_handler       app_sdcard.o
    0x000063c4   0x000063c4   0x00000040   Code   RO         2151    i.spim_evt_handler  nrf_drv_spi.o
    0x00006404   0x00006404   0x00000110   Code   RO         2239    i.spim_xfer         nrfx_spim.o
    0x00006514   0x00006514   0x00000024   Code   RO         1009    i.st_clust          ff.o
    0x00006538   0x00006538   0x00000018   Code   RO         1010    i.st_dword          ff.o
    0x00006550   0x00006550   0x0000000c   Code   RO         1011    i.st_word           ff.o
    0x0000655c   0x0000655c   0x00000064   Code   RO         4177    i.std_header_set    nrf_log_frontend.o
    0x000065c0   0x000065c0   0x00000070   Code   RO         4178    i.std_n             nrf_log_frontend.o
    0x00006630   0x00006630   0x00000074   Code   RO         3159    i.string_print      nrf_fprintf_format.o
    0x000066a4   0x000066a4   0x00000090   Code   RO         1012    i.sync_fs           ff.o
    0x00006734   0x00006734   0x00000052   Code   RO         1013    i.sync_window       ff.o
    0x00006786   0x00006786   0x00000002   Code   RO         4358    i.timestamp_print   nrf_log_str_formatter.o
    0x00006788   0x00006788   0x00000118   Code   RO          919    i.uartE_DMA_Init    uarte.o
    0x000068a0   0x000068a0   0x000000b8   Code   RO         3160    i.unsigned_print    nrf_fprintf_format.o
    0x00006958   0x00006958   0x0000003c   Code   RO         1014    i.validate          ff.o
    0x00006994   0x00006994   0x00000002   Code   RO         3922    i.wait_func         nrf_block_dev_sdc.o
    0x00006996   0x00006996   0x00000002   PAD
    0x00006998   0x00006998   0x0000001c   Data   RO          441    .constdata          sdcardrw.o
    0x000069b4   0x000069b4   0x0000000e   Data   RO          661    .constdata          rtc.o
    0x000069c2   0x000069c2   0x0000000e   PAD
    0x000069d0   0x000069d0   0x00000006   Data   RO          746    .constdata          led.o
    0x000069d6   0x000069d6   0x0000000a   PAD
    0x000069e0   0x000069e0   0x00000006   Data   RO          863    .constdata          key.o
    0x000069e6   0x000069e6   0x0000009c   Data   RO         1015    .constdata          ff.o
    0x00006a82   0x00006a82   0x00000002   PAD
    0x00006a84   0x00006a84   0x00000010   Data   RO         2153    .constdata          nrf_drv_spi.o
    0x00006a94   0x00006a94   0x0000002d   Data   RO         2241    .constdata          nrfx_spim.o
    0x00006ac1   0x00006ac1   0x00000010   Data   RO         3161    .constdata          nrf_fprintf_format.o
    0x00006ad1   0x00006ad1   0x00000003   PAD
    0x00006ad4   0x00006ad4   0x00000020   Data   RO         3783    .constdata          app_sdcard.o
    0x00006af4   0x00006af4   0x00000060   Data   RO         3923    .constdata          nrf_block_dev_sdc.o
    0x00006b54   0x00006b54   0x0000000c   PAD
    0x00006b60   0x00006b60   0x00000016   Data   RO         3993    .constdata          nrf_log_backend_rtt.o
    0x00006b76   0x00006b76   0x00000002   PAD
    0x00006b78   0x00006b78   0x0000000c   Data   RO         4180    .constdata          nrf_log_frontend.o
    0x00006b84   0x00006b84   0x00000081   Data   RO         6562    .constdata          mc_w.l(ctype_o.o)
    0x00006c05   0x00006c05   0x00000003   PAD
    0x00006c08   0x00006c08   0x00000004   Data   RO         6563    .constdata          mc_w.l(ctype_o.o)
    0x00006c0c   0x00006c0c   0x00000013   Data   RO          442    .conststring        sdcardrw.o
    0x00006c1f   0x00006c1f   0x00000001   PAD
    0x00006c20   0x00006c20   0x00000066   Data   RO         4359    .conststring        nrf_log_str_formatter.o
    0x00006c86   0x00006c86   0x00000002   PAD
    0x00006c88   0x00006c88   0x00000004   Data   RO         1597    .conststrlit        nrfx_prs.o
    0x00006c8c   0x00006c8c   0x00000005   Data   RO         1706    .conststrlit        nrfx_uart.o
    0x00006c91   0x00006c91   0x00000003   PAD
    0x00006c94   0x00006c94   0x00000006   Data   RO         1960    .conststrlit        nrfx_uarte.o
    0x00006c9a   0x00006c9a   0x00000002   PAD
    0x00006c9c   0x00006c9c   0x00000005   Data   RO         2242    .conststrlit        nrfx_spim.o
    0x00006ca1   0x00006ca1   0x00000003   PAD
    0x00006ca4   0x00006ca4   0x00000006   Data   RO         2409    .conststrlit        nrf_drv_clock.o
    0x00006caa   0x00006caa   0x00000002   PAD
    0x00006cac   0x00006cac   0x00000006   Data   RO         2563    .conststrlit        nrfx_clock.o
    0x00006cb2   0x00006cb2   0x00000002   PAD
    0x00006cb4   0x00006cb4   0x00000004   Data   RO         2718    .conststrlit        nrfx_rtc.o
    0x00006cb8   0x00006cb8   0x00000010   Data   RO         4111    .conststrlit        nrf_log_default_backends.o
    0x00006cc8   0x00006cc8   0x00000004   Data   RO         4181    .conststrlit        nrf_log_frontend.o
    0x00006ccc   0x00006ccc   0x00000020   Data   RO         6625    Region$$Table       anon$$obj.o
    0x00006cec   0x00006cec   0x00000010   Data   RO         4113    log_backends        nrf_log_default_backends.o
    0x00006cfc   0x00006cfc   0x00000008   Data   RO         1599    log_const_data      nrfx_prs.o
    0x00006d04   0x00006d04   0x00000008   Data   RO         1707    log_const_data      nrfx_uart.o
    0x00006d0c   0x00006d0c   0x00000008   Data   RO         1961    log_const_data      nrfx_uarte.o
    0x00006d14   0x00006d14   0x00000008   Data   RO         2243    log_const_data      nrfx_spim.o
    0x00006d1c   0x00006d1c   0x00000008   Data   RO         2410    log_const_data      nrf_drv_clock.o
    0x00006d24   0x00006d24   0x00000008   Data   RO         2565    log_const_data      nrfx_clock.o
    0x00006d2c   0x00006d2c   0x00000008   Data   RO         2720    log_const_data      nrfx_rtc.o
    0x00006d34   0x00006d34   0x00000008   Data   RO         4183    log_const_data      nrf_log_frontend.o
    0x00006d3c   0x00006d3c   0x00000014   Data   RO         4184    nrf_balloc          nrf_log_frontend.o


    Execution Region RW_IRAM1 (Exec base: 0x20000000, Load base: 0x00006d50, Size: 0x0001f4b0, Max: 0x00040000, ABSOLUTE)

    Exec Addr    Load Addr    Size         Type   Attr      Idx    E Section Name        Object

    0x20000000   0x00006d50   0x00000020   Data   RW          443    .data               sdcardrw.o
    0x20000020   0x00006d70   0x00000004   Data   RW          662    .data               rtc.o
    0x20000024   0x00006d74   0x00000004   PAD
    0x20000028   0x00006d78   0x00000010   Data   RW          921    .data               uarte.o
    0x20000038   0x00006d88   0x00000006   Data   RW         1016    .data               ff.o
    0x2000003e   0x00006d8e   0x00000002   PAD
    0x20000040   0x00006d90   0x00000005   Data   RW         1263    .data               diskio_blkdev.o
    0x20000045   0x00006d95   0x00000003   PAD
    0x20000048   0x00006d98   0x00000008   Data   RW         1598    .data               nrfx_prs.o
    0x20000050   0x00006da0   0x00000008   Data   RW         2564    .data               nrfx_clock.o
    0x20000058   0x00006da8   0x00000007   Data   RW         2719    .data               nrfx_rtc.o
    0x2000005f   0x00006daf   0x00000001   PAD
    0x20000060   0x00006db0   0x00000004   Data   RW         2951    .data               app_util_platform.o
    0x20000064   0x00006db4   0x00000008   Data   RW         3924    .data               nrf_block_dev_sdc.o
    0x2000006c   0x00006dbc   0x00000001   Data   RW         3994    .data               nrf_log_backend_rtt.o
    0x2000006d   0x00006dbd   0x00000003   PAD
    0x20000070   0x00006dc0   0x00000008   Data   RW         4112    .data               nrf_log_default_backends.o
    0x20000078   0x00006dc8   0x00000014   Data   RW         4182    .data               nrf_log_frontend.o
    0x2000008c   0x00006ddc   0x00000040   Data   RW         4360    .data               nrf_log_str_formatter.o
    0x200000cc   0x00006e1c   0x00000004   Data   RW         5042    .data               system_nrf52840.o
    0x200000d0        -       0x000008de   Zero   RW          440    .bss                sdcardrw.o
    0x200009ae   0x00006e20   0x00000002   PAD
    0x200009b0        -       0x0001a20c   Zero   RW          920    .bss                uarte.o
    0x2001abbc        -       0x00000020   Zero   RW         2152    .bss                nrf_drv_spi.o
    0x2001abdc        -       0x00000024   Zero   RW         2240    .bss                nrfx_spim.o
    0x2001ac00        -       0x00000014   Zero   RW         2407    .bss                nrf_drv_clock.o
    0x2001ac14        -       0x0000005c   Zero   RW         3782    .bss                app_sdcard.o
    0x2001ac70        -       0x00000040   Zero   RW         3992    .bss                nrf_log_backend_rtt.o
    0x2001acb0        -       0x00000578   Zero   RW         4179    .bss                nrf_log_frontend.o
    0x2001b228        -       0x00000288   Zero   RW         4440    .bss                segger_rtt.o
    0x2001b4b0        -       0x00004000   Zero   RW         4663    STACK               arm_startup_nrf52840.o


==============================================================================

Image component sizes


      Code (inc. data)   RO Data    RW Data    ZI Data      Debug   Object Name

        28          0          0          0          0       2301   app_error.o
       192         46          0          0          0      38874   app_error_weak.o
      4924         94         32          0         92      41939   app_sdcard.o
         0          0          0          0          0      34776   app_uart_fifo.o
        64         10          0          4          0       2966   app_util_platform.o
        36          8        512          0      16384        876   arm_startup_nrf52840.o
      1084         70          0          5          0      11657   diskio_blkdev.o
      5928         68        156          6          0      41723   ff.o
       280         12          6          0          0       7867   key.o
       366         12          6          0          0      11705   led.o
       186         24          0          0          0      55513   main.o
       364          0          0          0          0       6538   nrf_atomic.o
       206          0          0          0          0       3371   nrf_balloc.o
       878         68         96          8          0      12223   nrf_block_dev_sdc.o
       314         30         14          0         20      12049   nrf_drv_clock.o
       200         24         16          0         32      15359   nrf_drv_spi.o
        70          0          0          0          0       3249   nrf_fprintf.o
      1030          6         16          0          0       6722   nrf_fprintf_format.o
       176         16         22          1         64       6193   nrf_log_backend_rtt.o
       242          0          0          0          0      10565   nrf_log_backend_serial.o
        40          6         32          8          0       3073   nrf_log_default_backends.o
      2062        150         44         20       1400      29202   nrf_log_frontend.o
       626        112        102         64          0       5456   nrf_log_str_formatter.o
       514          0          0          0          0       8991   nrf_memobj.o
        28          0          0          0          0       2495   nrf_ringbuf.o
         0          0          0          0          0       5308   nrfx_atomic.o
       416         34         14          8          0      14862   nrfx_clock.o
       118          8         12          8          0       5514   nrfx_prs.o
       548         34         12          7          0      13775   nrfx_rtc.o
      1378         48         58          0         36      62300   nrfx_spim.o
         0          0         13          0          0      41728   nrfx_uart.o
         0          0         14          0          0       9686   nrfx_uarte.o
       208          0          0          0          0      42434   ring_buffer.o
       180         22         14          4          0       8637   rtc.o
      1396        440         47         32       2270      40946   sdcardrw.o
       470         44          0          0        648       7809   segger_rtt.o
       996        102          0          4          0       6235   system_nrf52840.o
       552        100          0         16     107020      33404   uarte.o

    ----------------------------------------------------------------------
     26130       1588       1328        208     127968     668321   Object Totals
         0          0         32          0          0          0   (incl. Generated)
        30          0         58         13          2          0   (incl. Padding)

    ----------------------------------------------------------------------

      Code (inc. data)   RO Data    RW Data    ZI Data      Debug   Library Member Name

         8          4        133          0          0         68   ctype_o.o
         0          0          0          0          0          0   entry.o
         0          0          0          0          0          0   entry10a.o
         0          0          0          0          0          0   entry11a.o
         4          0          0          0          0          0   entry12b.o
         8          4          0          0          0          0   entry2.o
         4          0          0          0          0          0   entry5.o
         0          0          0          0          0          0   entry7b.o
         0          0          0          0          0          0   entry8b.o
         8          4          0          0          0          0   entry9a.o
        30          0          0          0          0          0   handlers.o
        36          8          0          0          0         68   init.o
        30          0          0          0          0         68   llshl.o
        32          0          0          0          0         68   llushr.o
        36          0          0          0          0         68   memcpya.o
        36          0          0          0          0        108   memseta.o
        24          0          0          0          0         68   strcat.o
        18          0          0          0          0         68   strcpy.o
        14          0          0          0          0         68   strlen.o
        98          0          0          0          0         92   uldiv.o

    ----------------------------------------------------------------------
       390         20        136          0          0        744   Library Totals
         4          0          3          0          0          0   (incl. Padding)

    ----------------------------------------------------------------------

      Code (inc. data)   RO Data    RW Data    ZI Data      Debug   Library Name

       386         20        133          0          0        744   mc_w.l

    ----------------------------------------------------------------------
       390         20        136          0          0        744   Library Totals

    ----------------------------------------------------------------------

==============================================================================


      Code (inc. data)   RO Data    RW Data    ZI Data      Debug   

     26520       1608       1464        208     127968     643909   Grand Totals
     26520       1608       1464        208     127968     643909   ELF Image Totals
     26520       1608       1464        208          0          0   ROM Totals

==============================================================================

    Total RO  Size (Code + RO Data)                27984 (  27.33kB)
    Total RW  Size (RW Data + ZI Data)            128176 ( 125.17kB)
    Total ROM Size (Code + RO Data + RW Data)      28192 (  27.53kB)

==============================================================================

